loading synth labels + scalers …
Traceback (most recent call last):
  File "/home/user/PhD_LANL/ml_pipeline/evaluate_full_experimental.py", line 327, in <module>
    main()
  File "/home/user/PhD_LANL/ml_pipeline/evaluate_full_experimental.py", line 321, in main
    evaluate_classification_regression(args.syn, args.exp, args.out)
  File "/home/user/PhD_LANL/ml_pipeline/evaluate_full_experimental.py", line 165, in evaluate_classification_regression
    with h5py.File(exp_path, "r") as f:
         ^^^^^^^^^^^^^^^^^^^^^^^^
  File "/usr/local/lib/python3.11/dist-packages/h5py/_hl/files.py", line 555, in __init__
    fid = make_fid(name, mode, userblock_size, fapl, fcpl, swmr=swmr)
          ^^^^^^^^^^^^^^^^^^^^^^^^^^^^^^^^^^^^^^^^^^^^^^^^^^^^^^^^^^^
  File "/usr/local/lib/python3.11/dist-packages/h5py/_hl/files.py", line 232, in make_fid
    fid = h5f.open(name, flags, fapl=fapl)
          ^^^^^^^^^^^^^^^^^^^^^^^^^^^^^^^^
  File "h5py/_objects.pyx", line 54, in h5py._objects.with_phil.wrapper
  File "h5py/_objects.pyx", line 55, in h5py._objects.with_phil.wrapper
  File "h5py/h5f.pyx", line 106, in h5py.h5f.open
FileNotFoundError: [Errno 2] Unable to synchronously open file (unable to open file: name = '/home/user/PhD_LANL/dataset/experimental_features_balanced.h5', errno = 2, error message = 'No such file or directory', flags = 0, o_flags = 0)

--- $ /usr/local/bin/python ml_pipeline/evaluate_full_experimental.py --syn /home/user/PhD_LANL/dataset/features_noisy_35dB.h5 --exp /home/user/PhD_LANL/dataset/experimental_features_balanced.h5 --out /home/user/PhD_LANL/results/noisy_35dB/balanced
loading synth labels + scalers …
Traceback (most recent call last):
  File "/home/user/PhD_LANL/ml_pipeline/evaluate_full_experimental.py", line 327, in <module>
    main()
  File "/home/user/PhD_LANL/ml_pipeline/evaluate_full_experimental.py", line 321, in main
    evaluate_classification_regression(args.syn, args.exp, args.out)
  File "/home/user/PhD_LANL/ml_pipeline/evaluate_full_experimental.py", line 165, in evaluate_classification_regression
    with h5py.File(exp_path, "r") as f:
         ^^^^^^^^^^^^^^^^^^^^^^^^
  File "/usr/local/lib/python3.11/dist-packages/h5py/_hl/files.py", line 555, in __init__
    fid = make_fid(name, mode, userblock_size, fapl, fcpl, swmr=swmr)
          ^^^^^^^^^^^^^^^^^^^^^^^^^^^^^^^^^^^^^^^^^^^^^^^^^^^^^^^^^^^
  File "/usr/local/lib/python3.11/dist-packages/h5py/_hl/files.py", line 232, in make_fid
    fid = h5f.open(name, flags, fapl=fapl)
          ^^^^^^^^^^^^^^^^^^^^^^^^^^^^^^^^
  File "h5py/_objects.pyx", line 54, in h5py._objects.with_phil.wrapper
  File "h5py/_objects.pyx", line 55, in h5py._objects.with_phil.wrapper
  File "h5py/h5f.pyx", line 106, in h5py.h5f.open
FileNotFoundError: [Errno 2] Unable to synchronously open file (unable to open file: name = '/home/user/PhD_LANL/dataset/experimental_features_balanced.h5', errno = 2, error message = 'No such file or directory', flags = 0, o_flags = 0)

--- $ /usr/local/bin/python ml_pipeline/evaluate_full_experimental.py --syn /home/user/PhD_LANL/dataset/features_noisy_35dB.h5 --exp /home/user/PhD_LANL/dataset/experimental_features_balanced.h5 --out /home/user/PhD_LANL/results/noisy_35dB/balanced
