loading feature: modal
loading feature: frf_mag
loading feature: timeseries
loading feature: cfdac
HPO plan: 40 cells, 255 total trials
  [1/255] binary/rf/modal  {'n_estimators': 100, 'max_depth': 6}  val=0.7487  test=0.7640  (0.6s)
  [2/255] binary/rf/modal  {'n_estimators': 100, 'max_depth': 12}  val=0.8267  test=0.8327  (0.9s)
  [3/255] binary/rf/modal  {'n_estimators': 100, 'max_depth': None}  val=0.8960  test=0.8960  (1.2s)
  [4/255] binary/rf/modal  {'n_estimators': 200, 'max_depth': 6}  val=0.7473  test=0.7613  (1.3s)
  [5/255] binary/rf/modal  {'n_estimators': 200, 'max_depth': 12}  val=0.8280  test=0.8287  (1.7s)
  [6/255] binary/rf/modal  {'n_estimators': 200, 'max_depth': None}  val=0.8880  test=0.8927  (2.5s)
  [7/255] binary/rf/modal  {'n_estimators': 300, 'max_depth': 6}  val=0.7473  test=0.7640  (1.9s)
  [8/255] binary/rf/modal  {'n_estimators': 300, 'max_depth': 12}  val=0.8313  test=0.8293  (2.5s)
  [9/255] binary/rf/modal  {'n_estimators': 300, 'max_depth': None}  val=0.8927  test=0.8947  (3.7s)
/usr/local/lib/python3.11/dist-packages/xgboost/training.py:200: UserWarning: [20:04:58] WARNING: /__w/xgboost/xgboost/src/learner.cc:782: 
Parameters: { "use_label_encoder" } are not used.

  bst.update(dtrain, iteration=i, fobj=obj)
  [10/255] binary/xgb/modal  {'n_estimators': 100, 'max_depth': 4}  val=0.9060  test=0.9100  (0.2s)
/usr/local/lib/python3.11/dist-packages/xgboost/training.py:200: UserWarning: [20:04:58] WARNING: /__w/xgboost/xgboost/src/learner.cc:782: 
Parameters: { "use_label_encoder" } are not used.

  bst.update(dtrain, iteration=i, fobj=obj)
  [11/255] binary/xgb/modal  {'n_estimators': 100, 'max_depth': 6}  val=0.9287  test=0.9213  (0.5s)
/usr/local/lib/python3.11/dist-packages/xgboost/training.py:200: UserWarning: [20:04:59] WARNING: /__w/xgboost/xgboost/src/learner.cc:782: 
Parameters: { "use_label_encoder" } are not used.

  bst.update(dtrain, iteration=i, fobj=obj)
  [12/255] binary/xgb/modal  {'n_estimators': 100, 'max_depth': 8}  val=0.9267  test=0.9180  (0.7s)
/usr/local/lib/python3.11/dist-packages/xgboost/training.py:200: UserWarning: [20:04:59] WARNING: /__w/xgboost/xgboost/src/learner.cc:782: 
Parameters: { "use_label_encoder" } are not used.

  bst.update(dtrain, iteration=i, fobj=obj)
  [13/255] binary/xgb/modal  {'n_estimators': 300, 'max_depth': 4}  val=0.9307  test=0.9287  (0.8s)
/usr/local/lib/python3.11/dist-packages/xgboost/training.py:200: UserWarning: [20:05:00] WARNING: /__w/xgboost/xgboost/src/learner.cc:782: 
Parameters: { "use_label_encoder" } are not used.

  bst.update(dtrain, iteration=i, fobj=obj)
  [14/255] binary/xgb/modal  {'n_estimators': 300, 'max_depth': 6}  val=0.9327  test=0.9313  (1.4s)
/usr/local/lib/python3.11/dist-packages/xgboost/training.py:200: UserWarning: [20:05:02] WARNING: /__w/xgboost/xgboost/src/learner.cc:782: 
Parameters: { "use_label_encoder" } are not used.

  bst.update(dtrain, iteration=i, fobj=obj)
  [15/255] binary/xgb/modal  {'n_estimators': 300, 'max_depth': 8}  val=0.9227  test=0.9247  (1.8s)
/usr/local/lib/python3.11/dist-packages/xgboost/training.py:200: UserWarning: [20:05:03] WARNING: /__w/xgboost/xgboost/src/learner.cc:782: 
Parameters: { "use_label_encoder" } are not used.

  bst.update(dtrain, iteration=i, fobj=obj)
  [16/255] binary/xgb/modal  {'n_estimators': 600, 'max_depth': 4}  val=0.9287  test=0.9273  (1.8s)
/usr/local/lib/python3.11/dist-packages/xgboost/training.py:200: UserWarning: [20:05:05] WARNING: /__w/xgboost/xgboost/src/learner.cc:782: 
Parameters: { "use_label_encoder" } are not used.

  bst.update(dtrain, iteration=i, fobj=obj)
  [17/255] binary/xgb/modal  {'n_estimators': 600, 'max_depth': 6}  val=0.9267  test=0.9320  (2.6s)
/usr/local/lib/python3.11/dist-packages/xgboost/training.py:200: UserWarning: [20:05:08] WARNING: /__w/xgboost/xgboost/src/learner.cc:782: 
Parameters: { "use_label_encoder" } are not used.

  bst.update(dtrain, iteration=i, fobj=obj)
  [18/255] binary/xgb/modal  {'n_estimators': 600, 'max_depth': 8}  val=0.9260  test=0.9240  (3.2s)
  [19/255] binary/mlp/modal  {'hidden': (128, 64), 'lr': 0.0005}  val=0.8093  test=0.8107  (2.2s)
  [20/255] binary/mlp/modal  {'hidden': (128, 64), 'lr': 0.001}  val=0.8507  test=0.8647  (1.1s)
  [21/255] binary/mlp/modal  {'hidden': (128, 64), 'lr': 0.003}  val=0.9307  test=0.9387  (1.1s)
  [22/255] binary/mlp/modal  {'hidden': (256, 128, 64), 'lr': 0.0005}  val=0.8207  test=0.8440  (1.7s)
  [23/255] binary/mlp/modal  {'hidden': (256, 128, 64), 'lr': 0.001}  val=0.9100  test=0.9107  (1.7s)
  [24/255] binary/mlp/modal  {'hidden': (256, 128, 64), 'lr': 0.003}  val=0.9360  test=0.9407  (1.7s)
  [25/255] binary/mlp/modal  {'hidden': (512, 256, 128), 'lr': 0.0005}  val=0.8853  test=0.8880  (2.3s)
  [26/255] binary/mlp/modal  {'hidden': (512, 256, 128), 'lr': 0.001}  val=0.9393  test=0.9413  (2.4s)
  [27/255] binary/mlp/modal  {'hidden': (512, 256, 128), 'lr': 0.003}  val=0.9453  test=0.9467  (2.5s)
  [28/255] binary/cnn/frf_mag  {'widths': (16, 32, 64), 'kernel_size': 5}  val=0.8167  test=0.8300  (8.0s)
  [29/255] binary/cnn/frf_mag  {'widths': (16, 32, 64), 'kernel_size': 7}  val=0.8067  test=0.8353  (8.5s)
  [30/255] binary/cnn/frf_mag  {'widths': (32, 64, 128), 'kernel_size': 5}  val=0.8000  test=0.8000  (19.6s)
  [31/255] binary/cnn/frf_mag  {'widths': (32, 64, 128), 'kernel_size': 7}  val=0.8087  test=0.8180  (18.6s)
  [32/255] binary/transformer/frf_mag  {'d_model': 32, 'n_layers': 1}  val=0.8000  test=0.8000  (5.7s)
  [33/255] binary/transformer/frf_mag  {'d_model': 32, 'n_layers': 2}  val=0.8000  test=0.8000  (10.1s)
  [34/255] binary/transformer/frf_mag  {'d_model': 48, 'n_layers': 1}  val=0.8000  test=0.8000  (6.8s)
  [35/255] binary/transformer/frf_mag  {'d_model': 48, 'n_layers': 2}  val=0.8000  test=0.8000  (12.1s)
  [36/255] binary/transformer/frf_mag  {'d_model': 64, 'n_layers': 1}  val=0.8000  test=0.8000  (8.1s)
  [37/255] binary/transformer/frf_mag  {'d_model': 64, 'n_layers': 2}  val=0.8000  test=0.8000  (15.0s)
  [38/255] binary/cnn/timeseries  {'widths': (16, 32, 64), 'kernel_size': 5}  val=0.8000  test=0.8000  (21.6s)
  [39/255] binary/cnn/timeseries  {'widths': (16, 32, 64), 'kernel_size': 7}  val=0.8000  test=0.8000  (20.3s)
  [40/255] binary/cnn/timeseries  {'widths': (32, 64, 128), 'kernel_size': 5}  val=0.8020  test=0.7967  (43.9s)
loading feature: modal
loading feature: frf_mag
loading feature: timeseries
loading feature: cfdac
HPO plan: 40 cells, 255 total trials
  skip binary/rf/modal (cached)
  skip binary/xgb/modal (cached)
  skip binary/mlp/modal (cached)
  skip binary/cnn/frf_mag (cached)
  skip binary/transformer/frf_mag (cached)
  [1/255] binary/cnn/timeseries  {'widths': (16, 32, 64), 'kernel_size': 5}  val=0.8000  test=0.8000  (25.6s)
  [2/255] binary/cnn/timeseries  {'widths': (16, 32, 64), 'kernel_size': 7}  val=0.8020  test=0.8087  (13.3s)
  [3/255] binary/cnn/timeseries  {'widths': (32, 64, 128), 'kernel_size': 5}  val=0.8000  test=0.8000  (31.2s)
  [4/255] binary/cnn/timeseries  {'widths': (32, 64, 128), 'kernel_size': 7}  val=0.8013  test=0.7973  (29.5s)
loading feature: modal
loading feature: frf_mag
loading feature: timeseries
loading feature: cfdac
HPO plan: 40 cells, 255 total trials
  skip binary/rf/modal (cached)
  skip binary/xgb/modal (cached)
  skip binary/mlp/modal (cached)
  skip binary/cnn/frf_mag (cached)
  skip binary/transformer/frf_mag (cached)
  skip binary/cnn/timeseries (cached)
  [1/255] binary/transformer/timeseries  {'d_model': 32, 'n_layers': 1}  val=0.8000  test=0.8000  (41.0s)
  [2/255] binary/transformer/timeseries  {'d_model': 32, 'n_layers': 2}  val=0.8060  test=0.8140  (26.0s)
  [3/255] binary/transformer/timeseries  {'d_model': 48, 'n_layers': 1}  val=0.8000  test=0.8000  (16.9s)
  [4/255] binary/transformer/timeseries  {'d_model': 48, 'n_layers': 2}  val=0.8000  test=0.8000  (32.1s)
  [5/255] binary/transformer/timeseries  {'d_model': 64, 'n_layers': 1}  val=0.8000  test=0.8000  (20.6s)
  [6/255] binary/transformer/timeseries  {'d_model': 64, 'n_layers': 2}  val=0.8140  test=0.8260  (37.1s)
  [7/255] binary/cnn2d/cfdac  {'widths': (8, 16, 32), 'kernel_size': 3}  val=0.8587  test=0.8460  (11.0s)
  [8/255] binary/cnn2d/cfdac  {'widths': (8, 16, 32), 'kernel_size': 5}  val=0.9380  test=0.9220  (11.5s)
  [9/255] binary/cnn2d/cfdac  {'widths': (16, 32, 64), 'kernel_size': 3}  val=0.8793  test=0.8947  (15.1s)
  [10/255] binary/cnn2d/cfdac  {'widths': (16, 32, 64), 'kernel_size': 5}  val=0.9500  test=0.9413  (18.7s)
  [11/255] type/rf/modal  {'n_estimators': 100, 'max_depth': 6}  val=0.6300  test=0.6527  (0.6s)
  [12/255] type/rf/modal  {'n_estimators': 100, 'max_depth': 12}  val=0.7213  test=0.7153  (1.0s)
  [13/255] type/rf/modal  {'n_estimators': 100, 'max_depth': None}  val=0.7460  test=0.7580  (1.4s)
  [14/255] type/rf/modal  {'n_estimators': 200, 'max_depth': 6}  val=0.6280  test=0.6493  (1.3s)
  [15/255] type/rf/modal  {'n_estimators': 200, 'max_depth': 12}  val=0.7193  test=0.7220  (2.0s)
  [16/255] type/rf/modal  {'n_estimators': 200, 'max_depth': None}  val=0.7533  test=0.7593  (2.7s)
  [17/255] type/rf/modal  {'n_estimators': 300, 'max_depth': 6}  val=0.6273  test=0.6500  (1.9s)
  [18/255] type/rf/modal  {'n_estimators': 300, 'max_depth': 12}  val=0.7140  test=0.7233  (2.9s)
  [19/255] type/rf/modal  {'n_estimators': 300, 'max_depth': None}  val=0.7520  test=0.7640  (4.0s)
/usr/local/lib/python3.11/dist-packages/xgboost/training.py:200: UserWarning: [22:41:51] WARNING: /__w/xgboost/xgboost/src/learner.cc:782: 
Parameters: { "use_label_encoder" } are not used.

  bst.update(dtrain, iteration=i, fobj=obj)
  [20/255] type/xgb/modal  {'n_estimators': 100, 'max_depth': 4}  val=0.7380  test=0.7493  (0.9s)
/usr/local/lib/python3.11/dist-packages/xgboost/training.py:200: UserWarning: [22:41:52] WARNING: /__w/xgboost/xgboost/src/learner.cc:782: 
Parameters: { "use_label_encoder" } are not used.

  bst.update(dtrain, iteration=i, fobj=obj)
  [21/255] type/xgb/modal  {'n_estimators': 100, 'max_depth': 6}  val=0.7633  test=0.7780  (1.6s)
/usr/local/lib/python3.11/dist-packages/xgboost/training.py:200: UserWarning: [22:41:54] WARNING: /__w/xgboost/xgboost/src/learner.cc:782: 
Parameters: { "use_label_encoder" } are not used.

  bst.update(dtrain, iteration=i, fobj=obj)
  [22/255] type/xgb/modal  {'n_estimators': 100, 'max_depth': 8}  val=0.7653  test=0.7793  (3.3s)
/usr/local/lib/python3.11/dist-packages/xgboost/training.py:200: UserWarning: [22:41:57] WARNING: /__w/xgboost/xgboost/src/learner.cc:782: 
Parameters: { "use_label_encoder" } are not used.

  bst.update(dtrain, iteration=i, fobj=obj)
  [23/255] type/xgb/modal  {'n_estimators': 300, 'max_depth': 4}  val=0.7673  test=0.7840  (2.7s)
/usr/local/lib/python3.11/dist-packages/xgboost/training.py:200: UserWarning: [22:42:00] WARNING: /__w/xgboost/xgboost/src/learner.cc:782: 
Parameters: { "use_label_encoder" } are not used.

  bst.update(dtrain, iteration=i, fobj=obj)
  [24/255] type/xgb/modal  {'n_estimators': 300, 'max_depth': 6}  val=0.7687  test=0.7880  (4.9s)
/usr/local/lib/python3.11/dist-packages/xgboost/training.py:200: UserWarning: [22:42:05] WARNING: /__w/xgboost/xgboost/src/learner.cc:782: 
Parameters: { "use_label_encoder" } are not used.

  bst.update(dtrain, iteration=i, fobj=obj)
  [25/255] type/xgb/modal  {'n_estimators': 300, 'max_depth': 8}  val=0.7713  test=0.7847  (6.8s)
/usr/local/lib/python3.11/dist-packages/xgboost/training.py:200: UserWarning: [22:42:11] WARNING: /__w/xgboost/xgboost/src/learner.cc:782: 
Parameters: { "use_label_encoder" } are not used.

  bst.update(dtrain, iteration=i, fobj=obj)
  [26/255] type/xgb/modal  {'n_estimators': 600, 'max_depth': 4}  val=0.7627  test=0.7873  (5.9s)
/usr/local/lib/python3.11/dist-packages/xgboost/training.py:200: UserWarning: [22:42:17] WARNING: /__w/xgboost/xgboost/src/learner.cc:782: 
Parameters: { "use_label_encoder" } are not used.

  bst.update(dtrain, iteration=i, fobj=obj)
  [27/255] type/xgb/modal  {'n_estimators': 600, 'max_depth': 6}  val=0.7680  test=0.7880  (9.3s)
/usr/local/lib/python3.11/dist-packages/xgboost/training.py:200: UserWarning: [22:42:27] WARNING: /__w/xgboost/xgboost/src/learner.cc:782: 
Parameters: { "use_label_encoder" } are not used.

  bst.update(dtrain, iteration=i, fobj=obj)
  [28/255] type/xgb/modal  {'n_estimators': 600, 'max_depth': 8}  val=0.7693  test=0.7827  (11.7s)
  [29/255] type/mlp/modal  {'hidden': (128, 64), 'lr': 0.0005}  val=0.6520  test=0.6353  (0.9s)
  [30/255] type/mlp/modal  {'hidden': (128, 64), 'lr': 0.001}  val=0.7393  test=0.7473  (0.9s)
  [31/255] type/mlp/modal  {'hidden': (128, 64), 'lr': 0.003}  val=0.7893  test=0.8047  (0.9s)
  [32/255] type/mlp/modal  {'hidden': (256, 128, 64), 'lr': 0.0005}  val=0.7080  test=0.6993  (1.3s)
  [33/255] type/mlp/modal  {'hidden': (256, 128, 64), 'lr': 0.001}  val=0.7533  test=0.7807  (1.3s)
  [34/255] type/mlp/modal  {'hidden': (256, 128, 64), 'lr': 0.003}  val=0.8140  test=0.8273  (1.3s)
  [35/255] type/mlp/modal  {'hidden': (512, 256, 128), 'lr': 0.0005}  val=0.7500  test=0.7613  (1.7s)
  [36/255] type/mlp/modal  {'hidden': (512, 256, 128), 'lr': 0.001}  val=0.7887  test=0.8007  (1.7s)
  [37/255] type/mlp/modal  {'hidden': (512, 256, 128), 'lr': 0.003}  val=0.8260  test=0.8400  (1.9s)
  [38/255] type/cnn/frf_mag  {'widths': (16, 32, 64), 'kernel_size': 5}  val=0.6193  test=0.6227  (6.5s)
  [39/255] type/cnn/frf_mag  {'widths': (16, 32, 64), 'kernel_size': 7}  val=0.6047  test=0.5987  (6.9s)
  [40/255] type/cnn/frf_mag  {'widths': (32, 64, 128), 'kernel_size': 5}  val=0.5780  test=0.5920  (14.9s)
  [41/255] type/cnn/frf_mag  {'widths': (32, 64, 128), 'kernel_size': 7}  val=0.6760  test=0.6747  (16.0s)
  [42/255] type/transformer/frf_mag  {'d_model': 32, 'n_layers': 1}  val=0.3740  test=0.3687  (4.0s)
  [43/255] type/transformer/frf_mag  {'d_model': 32, 'n_layers': 2}  val=0.4633  test=0.4720  (7.4s)
  [44/255] type/transformer/frf_mag  {'d_model': 48, 'n_layers': 1}  val=0.3573  test=0.3467  (5.0s)
  [45/255] type/transformer/frf_mag  {'d_model': 48, 'n_layers': 2}  val=0.4967  test=0.5233  (9.6s)
  [46/255] type/transformer/frf_mag  {'d_model': 64, 'n_layers': 1}  val=0.4113  test=0.4360  (6.3s)
  [47/255] type/transformer/frf_mag  {'d_model': 64, 'n_layers': 2}  val=0.4793  test=0.4927  (12.0s)
  [48/255] type/cnn/timeseries  {'widths': (16, 32, 64), 'kernel_size': 5}  val=0.4827  test=0.4887  (17.1s)
  [49/255] type/cnn/timeseries  {'widths': (16, 32, 64), 'kernel_size': 7}  val=0.6127  test=0.6020  (16.4s)
  [50/255] type/cnn/timeseries  {'widths': (32, 64, 128), 'kernel_size': 5}  val=0.5973  test=0.6047  (34.4s)
  [51/255] type/cnn/timeseries  {'widths': (32, 64, 128), 'kernel_size': 7}  val=0.5953  test=0.6113  (37.3s)
  [52/255] type/transformer/timeseries  {'d_model': 32, 'n_layers': 1}  val=0.3740  test=0.3620  (12.1s)
  [53/255] type/transformer/timeseries  {'d_model': 32, 'n_layers': 2}  val=0.4147  test=0.4093  (23.9s)
  [54/255] type/transformer/timeseries  {'d_model': 48, 'n_layers': 1}  val=0.3707  test=0.3833  (15.0s)
  [55/255] type/transformer/timeseries  {'d_model': 48, 'n_layers': 2}  val=0.5000  test=0.5180  (29.2s)
  [56/255] type/transformer/timeseries  {'d_model': 64, 'n_layers': 1}  val=0.3673  test=0.3887  (18.3s)
  [57/255] type/transformer/timeseries  {'d_model': 64, 'n_layers': 2}  val=0.4700  test=0.4793  (34.8s)
  [58/255] type/cnn2d/cfdac  {'widths': (8, 16, 32), 'kernel_size': 3}  val=0.6747  test=0.6733  (9.9s)
  [59/255] type/cnn2d/cfdac  {'widths': (8, 16, 32), 'kernel_size': 5}  val=0.7300  test=0.7433  (11.2s)
  [60/255] type/cnn2d/cfdac  {'widths': (16, 32, 64), 'kernel_size': 3}  val=0.7360  test=0.7493  (14.6s)
  [61/255] type/cnn2d/cfdac  {'widths': (16, 32, 64), 'kernel_size': 5}  val=0.7880  test=0.7993  (18.5s)
  [62/255] severity/rf/modal  {'n_estimators': 100, 'max_depth': 6}  val=0.3867  test=0.3570  (2.7s)
  [63/255] severity/rf/modal  {'n_estimators': 100, 'max_depth': 12}  val=0.5073  test=0.4913  (4.6s)
  [64/255] severity/rf/modal  {'n_estimators': 100, 'max_depth': None}  val=0.5239  test=0.5083  (6.2s)
  [65/255] severity/rf/modal  {'n_estimators': 200, 'max_depth': 6}  val=0.3866  test=0.3575  (5.3s)
  [66/255] severity/rf/modal  {'n_estimators': 200, 'max_depth': 12}  val=0.5065  test=0.4932  (9.1s)
  [67/255] severity/rf/modal  {'n_estimators': 200, 'max_depth': None}  val=0.5230  test=0.5109  (12.1s)
  [68/255] severity/rf/modal  {'n_estimators': 300, 'max_depth': 6}  val=0.3863  test=0.3564  (8.1s)
  [69/255] severity/rf/modal  {'n_estimators': 300, 'max_depth': 12}  val=0.5053  test=0.4928  (13.6s)
  [70/255] severity/rf/modal  {'n_estimators': 300, 'max_depth': None}  val=0.5233  test=0.5097  (18.5s)
  [71/255] severity/xgb/modal  {'n_estimators': 100, 'max_depth': 4}  val=0.4624  test=0.4284  (0.2s)
  [72/255] severity/xgb/modal  {'n_estimators': 100, 'max_depth': 6}  val=0.4883  test=0.4628  (0.5s)
  [73/255] severity/xgb/modal  {'n_estimators': 100, 'max_depth': 8}  val=0.4968  test=0.4845  (1.1s)
  [74/255] severity/xgb/modal  {'n_estimators': 300, 'max_depth': 4}  val=0.4870  test=0.4320  (0.5s)
  [75/255] severity/xgb/modal  {'n_estimators': 300, 'max_depth': 6}  val=0.4848  test=0.4501  (1.3s)
  [76/255] severity/xgb/modal  {'n_estimators': 300, 'max_depth': 8}  val=0.4973  test=0.4808  (3.3s)
  [77/255] severity/xgb/modal  {'n_estimators': 600, 'max_depth': 4}  val=0.4881  test=0.4273  (1.0s)
  [78/255] severity/xgb/modal  {'n_estimators': 600, 'max_depth': 6}  val=0.4856  test=0.4476  (2.6s)
  [79/255] severity/xgb/modal  {'n_estimators': 600, 'max_depth': 8}  val=0.4971  test=0.4810  (5.7s)
  [80/255] severity/mlp/modal  {'hidden': (128, 64), 'lr': 0.0005}  val=0.3066  test=0.2709  (0.7s)
  [81/255] severity/mlp/modal  {'hidden': (128, 64), 'lr': 0.001}  val=0.3148  test=0.2781  (0.7s)
  [82/255] severity/mlp/modal  {'hidden': (128, 64), 'lr': 0.003}  val=0.3278  test=0.2990  (0.7s)
  [83/255] severity/mlp/modal  {'hidden': (256, 128, 64), 'lr': 0.0005}  val=0.3141  test=0.2721  (1.0s)
  [84/255] severity/mlp/modal  {'hidden': (256, 128, 64), 'lr': 0.001}  val=0.3248  test=0.2859  (0.9s)
  [85/255] severity/mlp/modal  {'hidden': (256, 128, 64), 'lr': 0.003}  val=0.3996  test=0.3631  (1.0s)
  [86/255] severity/mlp/modal  {'hidden': (512, 256, 128), 'lr': 0.0005}  val=0.3216  test=0.2786  (1.4s)
  [87/255] severity/mlp/modal  {'hidden': (512, 256, 128), 'lr': 0.001}  val=0.3350  test=0.3007  (1.3s)
  [88/255] severity/mlp/modal  {'hidden': (512, 256, 128), 'lr': 0.003}  val=0.5335  test=0.5342  (1.3s)
  [89/255] severity/cnn/frf_mag  {'widths': (16, 32, 64), 'kernel_size': 5}  val=0.2214  test=0.1880  (4.8s)
  [90/255] severity/cnn/frf_mag  {'widths': (16, 32, 64), 'kernel_size': 7}  val=0.2599  test=0.2014  (5.1s)
  [91/255] severity/cnn/frf_mag  {'widths': (32, 64, 128), 'kernel_size': 5}  val=0.2416  test=0.1760  (10.2s)
  [92/255] severity/cnn/frf_mag  {'widths': (32, 64, 128), 'kernel_size': 7}  val=0.2878  test=0.2451  (11.4s)
  [93/255] severity/transformer/frf_mag  {'d_model': 32, 'n_layers': 1}  val=0.0035  test=0.0025  (3.4s)
  [94/255] severity/transformer/frf_mag  {'d_model': 32, 'n_layers': 2}  val=0.0046  test=0.0031  (6.3s)
  [95/255] severity/transformer/frf_mag  {'d_model': 48, 'n_layers': 1}  val=0.0167  test=0.0129  (4.6s)
  [96/255] severity/transformer/frf_mag  {'d_model': 48, 'n_layers': 2}  val=0.0044  test=0.0025  (8.0s)
  [97/255] severity/transformer/frf_mag  {'d_model': 64, 'n_layers': 1}  val=0.0136  test=0.0089  (4.9s)
  [98/255] severity/transformer/frf_mag  {'d_model': 64, 'n_layers': 2}  val=0.0099  test=0.0105  (9.0s)
  [99/255] severity/cnn/timeseries  {'widths': (16, 32, 64), 'kernel_size': 5}  val=0.2260  test=0.1934  (11.1s)
  [100/255] severity/cnn/timeseries  {'widths': (16, 32, 64), 'kernel_size': 7}  val=0.2228  test=0.1843  (12.0s)
  [101/255] severity/cnn/timeseries  {'widths': (32, 64, 128), 'kernel_size': 5}  val=0.2716  test=0.2434  (30.4s)
  [102/255] severity/cnn/timeseries  {'widths': (32, 64, 128), 'kernel_size': 7}  val=0.2996  test=0.2725  (30.2s)
  [103/255] severity/transformer/timeseries  {'d_model': 32, 'n_layers': 1}  val=0.1020  test=0.1000  (9.8s)
  [104/255] severity/transformer/timeseries  {'d_model': 32, 'n_layers': 2}  val=0.1431  test=0.1136  (18.7s)
  [105/255] severity/transformer/timeseries  {'d_model': 48, 'n_layers': 1}  val=0.1120  test=0.1011  (11.9s)
  [106/255] severity/transformer/timeseries  {'d_model': 48, 'n_layers': 2}  val=0.1226  test=0.1111  (22.7s)
  [107/255] severity/transformer/timeseries  {'d_model': 64, 'n_layers': 1}  val=0.0956  test=0.0884  (14.2s)
  [108/255] severity/transformer/timeseries  {'d_model': 64, 'n_layers': 2}  val=0.1286  test=0.1177  (27.8s)
  [109/255] severity/cnn2d/cfdac  {'widths': (8, 16, 32), 'kernel_size': 3}  val=0.2579  test=0.2302  (7.4s)
  [110/255] severity/cnn2d/cfdac  {'widths': (8, 16, 32), 'kernel_size': 5}  val=0.4104  test=0.3961  (8.9s)
  [111/255] severity/cnn2d/cfdac  {'widths': (16, 32, 64), 'kernel_size': 3}  val=0.2891  test=0.2475  (11.8s)
  [112/255] severity/cnn2d/cfdac  {'widths': (16, 32, 64), 'kernel_size': 5}  val=0.3768  test=0.3880  (15.0s)
  [113/255] col_location/rf/modal  {'n_estimators': 100, 'max_depth': 6}  val=0.4817  test=0.4700  (0.5s)
  [114/255] col_location/rf/modal  {'n_estimators': 100, 'max_depth': 12}  val=0.4961  test=0.4800  (0.6s)
  [115/255] col_location/rf/modal  {'n_estimators': 100, 'max_depth': None}  val=0.5006  test=0.4833  (0.7s)
  [116/255] col_location/rf/modal  {'n_estimators': 200, 'max_depth': 6}  val=0.4562  test=0.4778  (1.0s)
  [117/255] col_location/rf/modal  {'n_estimators': 200, 'max_depth': 12}  val=0.5017  test=0.4778  (1.2s)
  [118/255] col_location/rf/modal  {'n_estimators': 200, 'max_depth': None}  val=0.4850  test=0.4856  (1.4s)
  [119/255] col_location/rf/modal  {'n_estimators': 300, 'max_depth': 6}  val=0.4661  test=0.4767  (1.3s)
  [120/255] col_location/rf/modal  {'n_estimators': 300, 'max_depth': 12}  val=0.4961  test=0.4867  (1.8s)
  [121/255] col_location/rf/modal  {'n_estimators': 300, 'max_depth': None}  val=0.4917  test=0.4833  (2.1s)
/usr/local/lib/python3.11/dist-packages/xgboost/training.py:200: UserWarning: [22:56:10] WARNING: /__w/xgboost/xgboost/src/learner.cc:782: 
Parameters: { "use_label_encoder" } are not used.

  bst.update(dtrain, iteration=i, fobj=obj)
  [122/255] col_location/xgb/modal  {'n_estimators': 100, 'max_depth': 4}  val=0.4917  test=0.4544  (0.9s)
/usr/local/lib/python3.11/dist-packages/xgboost/training.py:200: UserWarning: [22:56:11] WARNING: /__w/xgboost/xgboost/src/learner.cc:782: 
Parameters: { "use_label_encoder" } are not used.

  bst.update(dtrain, iteration=i, fobj=obj)
  [123/255] col_location/xgb/modal  {'n_estimators': 100, 'max_depth': 6}  val=0.5105  test=0.4744  (1.7s)
/usr/local/lib/python3.11/dist-packages/xgboost/training.py:200: UserWarning: [22:56:13] WARNING: /__w/xgboost/xgboost/src/learner.cc:782: 
Parameters: { "use_label_encoder" } are not used.

  bst.update(dtrain, iteration=i, fobj=obj)
  [124/255] col_location/xgb/modal  {'n_estimators': 100, 'max_depth': 8}  val=0.4706  test=0.4767  (2.8s)
/usr/local/lib/python3.11/dist-packages/xgboost/training.py:200: UserWarning: [22:56:16] WARNING: /__w/xgboost/xgboost/src/learner.cc:782: 
Parameters: { "use_label_encoder" } are not used.

  bst.update(dtrain, iteration=i, fobj=obj)
  [125/255] col_location/xgb/modal  {'n_estimators': 300, 'max_depth': 4}  val=0.5017  test=0.4756  (2.7s)
/usr/local/lib/python3.11/dist-packages/xgboost/training.py:200: UserWarning: [22:56:18] WARNING: /__w/xgboost/xgboost/src/learner.cc:782: 
Parameters: { "use_label_encoder" } are not used.

  bst.update(dtrain, iteration=i, fobj=obj)
  [126/255] col_location/xgb/modal  {'n_estimators': 300, 'max_depth': 6}  val=0.5028  test=0.4922  (5.0s)
/usr/local/lib/python3.11/dist-packages/xgboost/training.py:200: UserWarning: [22:56:23] WARNING: /__w/xgboost/xgboost/src/learner.cc:782: 
Parameters: { "use_label_encoder" } are not used.

  bst.update(dtrain, iteration=i, fobj=obj)
  [127/255] col_location/xgb/modal  {'n_estimators': 300, 'max_depth': 8}  val=0.4839  test=0.4778  (7.2s)
/usr/local/lib/python3.11/dist-packages/xgboost/training.py:200: UserWarning: [22:56:31] WARNING: /__w/xgboost/xgboost/src/learner.cc:782: 
Parameters: { "use_label_encoder" } are not used.

  bst.update(dtrain, iteration=i, fobj=obj)
  [128/255] col_location/xgb/modal  {'n_estimators': 600, 'max_depth': 4}  val=0.5006  test=0.4800  (5.3s)
/usr/local/lib/python3.11/dist-packages/xgboost/training.py:200: UserWarning: [22:56:36] WARNING: /__w/xgboost/xgboost/src/learner.cc:782: 
Parameters: { "use_label_encoder" } are not used.

  bst.update(dtrain, iteration=i, fobj=obj)
  [129/255] col_location/xgb/modal  {'n_estimators': 600, 'max_depth': 6}  val=0.4950  test=0.4867  (9.2s)
/usr/local/lib/python3.11/dist-packages/xgboost/training.py:200: UserWarning: [22:56:45] WARNING: /__w/xgboost/xgboost/src/learner.cc:782: 
Parameters: { "use_label_encoder" } are not used.

  bst.update(dtrain, iteration=i, fobj=obj)
  [130/255] col_location/xgb/modal  {'n_estimators': 600, 'max_depth': 8}  val=0.4839  test=0.4722  (12.4s)
  [131/255] col_location/mlp/modal  {'hidden': (128, 64), 'lr': 0.0005}  val=0.4673  test=0.4578  (0.6s)
  [132/255] col_location/mlp/modal  {'hidden': (128, 64), 'lr': 0.001}  val=0.5028  test=0.4900  (0.6s)
  [133/255] col_location/mlp/modal  {'hidden': (128, 64), 'lr': 0.003}  val=0.5050  test=0.4656  (0.6s)
  [134/255] col_location/mlp/modal  {'hidden': (256, 128, 64), 'lr': 0.0005}  val=0.4795  test=0.4678  (0.8s)
  [135/255] col_location/mlp/modal  {'hidden': (256, 128, 64), 'lr': 0.001}  val=0.4817  test=0.4756  (0.8s)
  [136/255] col_location/mlp/modal  {'hidden': (256, 128, 64), 'lr': 0.003}  val=0.4994  test=0.4800  (0.8s)
  [137/255] col_location/mlp/modal  {'hidden': (512, 256, 128), 'lr': 0.0005}  val=0.4872  test=0.4800  (1.1s)
  [138/255] col_location/mlp/modal  {'hidden': (512, 256, 128), 'lr': 0.001}  val=0.4994  test=0.4956  (1.1s)
  [139/255] col_location/mlp/modal  {'hidden': (512, 256, 128), 'lr': 0.003}  val=0.4895  test=0.4744  (1.0s)
  [140/255] col_location/cnn/frf_mag  {'widths': (16, 32, 64), 'kernel_size': 5}  val=0.4706  test=0.4644  (3.6s)
  [141/255] col_location/cnn/frf_mag  {'widths': (16, 32, 64), 'kernel_size': 7}  val=0.3840  test=0.3811  (4.0s)
  [142/255] col_location/cnn/frf_mag  {'widths': (32, 64, 128), 'kernel_size': 5}  val=0.4362  test=0.4633  (7.8s)
  [143/255] col_location/cnn/frf_mag  {'widths': (32, 64, 128), 'kernel_size': 7}  val=0.4373  test=0.4333  (8.8s)
  [144/255] col_location/transformer/frf_mag  {'d_model': 32, 'n_layers': 1}  val=0.3185  test=0.2889  (2.4s)
  [145/255] col_location/transformer/frf_mag  {'d_model': 32, 'n_layers': 2}  val=0.2930  test=0.2578  (4.4s)
  [146/255] col_location/transformer/frf_mag  {'d_model': 48, 'n_layers': 1}  val=0.2752  test=0.2667  (3.0s)
  [147/255] col_location/transformer/frf_mag  {'d_model': 48, 'n_layers': 2}  val=0.2986  test=0.3022  (5.6s)
  [148/255] col_location/transformer/frf_mag  {'d_model': 64, 'n_layers': 1}  val=0.2764  test=0.2633  (3.6s)
  [149/255] col_location/transformer/frf_mag  {'d_model': 64, 'n_layers': 2}  val=0.3374  test=0.3244  (6.7s)
  [150/255] col_location/cnn/timeseries  {'widths': (16, 32, 64), 'kernel_size': 5}  val=0.3929  test=0.4033  (8.5s)
  [151/255] col_location/cnn/timeseries  {'widths': (16, 32, 64), 'kernel_size': 7}  val=0.4295  test=0.4322  (8.6s)
  [152/255] col_location/cnn/timeseries  {'widths': (32, 64, 128), 'kernel_size': 5}  val=0.4062  test=0.3989  (26.5s)
  [153/255] col_location/cnn/timeseries  {'widths': (32, 64, 128), 'kernel_size': 7}  val=0.4961  test=0.4789  (28.9s)
  [154/255] col_location/transformer/timeseries  {'d_model': 32, 'n_layers': 1}  val=0.2941  test=0.2700  (7.3s)
  [155/255] col_location/transformer/timeseries  {'d_model': 32, 'n_layers': 2}  val=0.3307  test=0.3400  (14.1s)
  [156/255] col_location/transformer/timeseries  {'d_model': 48, 'n_layers': 1}  val=0.3019  test=0.3056  (8.9s)
  [157/255] col_location/transformer/timeseries  {'d_model': 48, 'n_layers': 2}  val=0.3307  test=0.3178  (17.2s)
  [158/255] col_location/transformer/timeseries  {'d_model': 64, 'n_layers': 1}  val=0.2475  test=0.2567  (11.1s)
  [159/255] col_location/transformer/timeseries  {'d_model': 64, 'n_layers': 2}  val=0.3607  test=0.3633  (20.8s)
  [160/255] col_location/cnn2d/cfdac  {'widths': (8, 16, 32), 'kernel_size': 3}  val=0.4750  test=0.4722  (5.6s)
  [161/255] col_location/cnn2d/cfdac  {'widths': (8, 16, 32), 'kernel_size': 5}  val=0.4750  test=0.4667  (7.0s)
  [162/255] col_location/cnn2d/cfdac  {'widths': (16, 32, 64), 'kernel_size': 3}  val=0.4562  test=0.4678  (9.1s)
  [163/255] col_location/cnn2d/cfdac  {'widths': (16, 32, 64), 'kernel_size': 5}  val=0.4229  test=0.4322  (11.7s)
  [164/255] mass_location/rf/modal  {'n_estimators': 100, 'max_depth': 6}  val=0.9933  test=0.9867  (0.4s)
  [165/255] mass_location/rf/modal  {'n_estimators': 100, 'max_depth': 12}  val=1.0000  test=0.9900  (0.3s)
  [166/255] mass_location/rf/modal  {'n_estimators': 100, 'max_depth': None}  val=1.0000  test=0.9900  (0.3s)
  [167/255] mass_location/rf/modal  {'n_estimators': 200, 'max_depth': 6}  val=0.9933  test=0.9867  (0.6s)
  [168/255] mass_location/rf/modal  {'n_estimators': 200, 'max_depth': 12}  val=1.0000  test=0.9933  (0.6s)
  [169/255] mass_location/rf/modal  {'n_estimators': 200, 'max_depth': None}  val=1.0000  test=0.9933  (0.6s)
  [170/255] mass_location/rf/modal  {'n_estimators': 300, 'max_depth': 6}  val=1.0000  test=0.9867  (0.8s)
  [171/255] mass_location/rf/modal  {'n_estimators': 300, 'max_depth': 12}  val=1.0000  test=0.9933  (0.9s)
  [172/255] mass_location/rf/modal  {'n_estimators': 300, 'max_depth': None}  val=1.0000  test=0.9933  (0.9s)
/usr/local/lib/python3.11/dist-packages/xgboost/training.py:200: UserWarning: [23:01:07] WARNING: /__w/xgboost/xgboost/src/learner.cc:782: 
Parameters: { "use_label_encoder" } are not used.

  bst.update(dtrain, iteration=i, fobj=obj)
  [173/255] mass_location/xgb/modal  {'n_estimators': 100, 'max_depth': 4}  val=0.9967  test=0.9933  (0.3s)
/usr/local/lib/python3.11/dist-packages/xgboost/training.py:200: UserWarning: [23:01:07] WARNING: /__w/xgboost/xgboost/src/learner.cc:782: 
Parameters: { "use_label_encoder" } are not used.

  bst.update(dtrain, iteration=i, fobj=obj)
  [174/255] mass_location/xgb/modal  {'n_estimators': 100, 'max_depth': 6}  val=1.0000  test=0.9900  (0.4s)
/usr/local/lib/python3.11/dist-packages/xgboost/training.py:200: UserWarning: [23:01:07] WARNING: /__w/xgboost/xgboost/src/learner.cc:782: 
Parameters: { "use_label_encoder" } are not used.

  bst.update(dtrain, iteration=i, fobj=obj)
  [175/255] mass_location/xgb/modal  {'n_estimators': 100, 'max_depth': 8}  val=1.0000  test=0.9900  (0.4s)
/usr/local/lib/python3.11/dist-packages/xgboost/training.py:200: UserWarning: [23:01:08] WARNING: /__w/xgboost/xgboost/src/learner.cc:782: 
Parameters: { "use_label_encoder" } are not used.

  bst.update(dtrain, iteration=i, fobj=obj)
  [176/255] mass_location/xgb/modal  {'n_estimators': 300, 'max_depth': 4}  val=1.0000  test=0.9933  (0.5s)
/usr/local/lib/python3.11/dist-packages/xgboost/training.py:200: UserWarning: [23:01:08] WARNING: /__w/xgboost/xgboost/src/learner.cc:782: 
Parameters: { "use_label_encoder" } are not used.

  bst.update(dtrain, iteration=i, fobj=obj)
  [177/255] mass_location/xgb/modal  {'n_estimators': 300, 'max_depth': 6}  val=1.0000  test=0.9933  (0.6s)
/usr/local/lib/python3.11/dist-packages/xgboost/training.py:200: UserWarning: [23:01:09] WARNING: /__w/xgboost/xgboost/src/learner.cc:782: 
Parameters: { "use_label_encoder" } are not used.

  bst.update(dtrain, iteration=i, fobj=obj)
  [178/255] mass_location/xgb/modal  {'n_estimators': 300, 'max_depth': 8}  val=1.0000  test=0.9900  (0.6s)
/usr/local/lib/python3.11/dist-packages/xgboost/training.py:200: UserWarning: [23:01:10] WARNING: /__w/xgboost/xgboost/src/learner.cc:782: 
Parameters: { "use_label_encoder" } are not used.

  bst.update(dtrain, iteration=i, fobj=obj)
  [179/255] mass_location/xgb/modal  {'n_estimators': 600, 'max_depth': 4}  val=1.0000  test=0.9933  (0.8s)
/usr/local/lib/python3.11/dist-packages/xgboost/training.py:200: UserWarning: [23:01:10] WARNING: /__w/xgboost/xgboost/src/learner.cc:782: 
Parameters: { "use_label_encoder" } are not used.

  bst.update(dtrain, iteration=i, fobj=obj)
  [180/255] mass_location/xgb/modal  {'n_estimators': 600, 'max_depth': 6}  val=1.0000  test=0.9933  (0.8s)
/usr/local/lib/python3.11/dist-packages/xgboost/training.py:200: UserWarning: [23:01:11] WARNING: /__w/xgboost/xgboost/src/learner.cc:782: 
Parameters: { "use_label_encoder" } are not used.

  bst.update(dtrain, iteration=i, fobj=obj)
  [181/255] mass_location/xgb/modal  {'n_estimators': 600, 'max_depth': 8}  val=1.0000  test=0.9900  (0.8s)
  [182/255] mass_location/mlp/modal  {'hidden': (128, 64), 'lr': 0.0005}  val=0.9367  test=0.9233  (0.2s)
  [183/255] mass_location/mlp/modal  {'hidden': (128, 64), 'lr': 0.001}  val=0.9933  test=0.9767  (0.2s)
  [184/255] mass_location/mlp/modal  {'hidden': (128, 64), 'lr': 0.003}  val=1.0000  test=0.9800  (0.2s)
  [185/255] mass_location/mlp/modal  {'hidden': (256, 128, 64), 'lr': 0.0005}  val=0.9867  test=0.9733  (0.2s)
  [186/255] mass_location/mlp/modal  {'hidden': (256, 128, 64), 'lr': 0.001}  val=0.9967  test=0.9900  (0.2s)
  [187/255] mass_location/mlp/modal  {'hidden': (256, 128, 64), 'lr': 0.003}  val=1.0000  test=0.9833  (0.3s)
  [188/255] mass_location/mlp/modal  {'hidden': (512, 256, 128), 'lr': 0.0005}  val=0.9967  test=0.9767  (0.3s)
  [189/255] mass_location/mlp/modal  {'hidden': (512, 256, 128), 'lr': 0.001}  val=0.9967  test=0.9833  (0.3s)
  [190/255] mass_location/mlp/modal  {'hidden': (512, 256, 128), 'lr': 0.003}  val=1.0000  test=0.9933  (0.4s)
  [191/255] mass_location/cnn/frf_mag  {'widths': (16, 32, 64), 'kernel_size': 5}  val=0.2500  test=0.2500  (1.2s)
  [192/255] mass_location/cnn/frf_mag  {'widths': (16, 32, 64), 'kernel_size': 7}  val=0.5800  test=0.6033  (1.3s)
  [193/255] mass_location/cnn/frf_mag  {'widths': (32, 64, 128), 'kernel_size': 5}  val=0.2500  test=0.2500  (2.3s)
  [194/255] mass_location/cnn/frf_mag  {'widths': (32, 64, 128), 'kernel_size': 7}  val=0.4100  test=0.3900  (2.6s)
  [195/255] mass_location/transformer/frf_mag  {'d_model': 32, 'n_layers': 1}  val=0.4600  test=0.4733  (0.8s)
  [196/255] mass_location/transformer/frf_mag  {'d_model': 32, 'n_layers': 2}  val=0.6000  test=0.6267  (1.5s)
  [197/255] mass_location/transformer/frf_mag  {'d_model': 48, 'n_layers': 1}  val=0.4733  test=0.4933  (1.0s)
  [198/255] mass_location/transformer/frf_mag  {'d_model': 48, 'n_layers': 2}  val=0.6400  test=0.6467  (1.9s)
  [199/255] mass_location/transformer/frf_mag  {'d_model': 64, 'n_layers': 1}  val=0.4767  test=0.5000  (1.2s)
  [200/255] mass_location/transformer/frf_mag  {'d_model': 64, 'n_layers': 2}  val=0.5233  test=0.5033  (2.5s)
  [201/255] mass_location/cnn/timeseries  {'widths': (16, 32, 64), 'kernel_size': 5}  val=0.5733  test=0.5667  (2.5s)
  [202/255] mass_location/cnn/timeseries  {'widths': (16, 32, 64), 'kernel_size': 7}  val=0.6133  test=0.5700  (2.7s)
  [203/255] mass_location/cnn/timeseries  {'widths': (32, 64, 128), 'kernel_size': 5}  val=0.2567  test=0.2567  (8.4s)
  [204/255] mass_location/cnn/timeseries  {'widths': (32, 64, 128), 'kernel_size': 7}  val=0.4933  test=0.4800  (9.6s)
  [205/255] mass_location/transformer/timeseries  {'d_model': 32, 'n_layers': 1}  val=0.5433  test=0.5000  (2.5s)
  [206/255] mass_location/transformer/timeseries  {'d_model': 32, 'n_layers': 2}  val=0.4633  test=0.4467  (4.7s)
  [207/255] mass_location/transformer/timeseries  {'d_model': 48, 'n_layers': 1}  val=0.5467  test=0.4867  (3.3s)
  [208/255] mass_location/transformer/timeseries  {'d_model': 48, 'n_layers': 2}  val=0.5567  test=0.5067  (5.6s)
  [209/255] mass_location/transformer/timeseries  {'d_model': 64, 'n_layers': 1}  val=0.5300  test=0.4667  (3.5s)
  [210/255] mass_location/transformer/timeseries  {'d_model': 64, 'n_layers': 2}  val=0.5700  test=0.5200  (6.6s)
  [211/255] mass_location/cnn2d/cfdac  {'widths': (8, 16, 32), 'kernel_size': 3}  val=0.8000  test=0.8200  (1.7s)
  [212/255] mass_location/cnn2d/cfdac  {'widths': (8, 16, 32), 'kernel_size': 5}  val=0.9267  test=0.9233  (2.1s)
  [213/255] mass_location/cnn2d/cfdac  {'widths': (16, 32, 64), 'kernel_size': 3}  val=0.8900  test=0.8867  (2.7s)
  [214/255] mass_location/cnn2d/cfdac  {'widths': (16, 32, 64), 'kernel_size': 5}  val=0.9767  test=0.9700  (3.5s)

HPO complete.

--- $ /usr/local/bin/python ml_pipeline/hpo.py --features /home/user/PhD_LANL/dataset/features_noisy_35dB.h5 --out /home/user/PhD_LANL/results/noisy_35dB
loading feature: modal
loading feature: frf_mag
loading feature: timeseries
loading feature: cfdac
HPO plan: 40 cells, 255 total trials
  skip binary/rf/modal (cached)
  skip binary/xgb/modal (cached)
  skip binary/mlp/modal (cached)
  skip binary/cnn/frf_mag (cached)
  skip binary/transformer/frf_mag (cached)
  skip binary/cnn/timeseries (cached)
  skip binary/transformer/timeseries (cached)
  skip binary/cnn2d/cfdac (cached)
  skip type/rf/modal (cached)
  skip type/xgb/modal (cached)
  skip type/mlp/modal (cached)
  skip type/cnn/frf_mag (cached)
  skip type/transformer/frf_mag (cached)
  skip type/cnn/timeseries (cached)
  skip type/transformer/timeseries (cached)
  skip type/cnn2d/cfdac (cached)
  skip severity/rf/modal (cached)
  skip severity/xgb/modal (cached)
  skip severity/mlp/modal (cached)
  skip severity/cnn/frf_mag (cached)
  skip severity/transformer/frf_mag (cached)
  skip severity/cnn/timeseries (cached)
  skip severity/transformer/timeseries (cached)
  skip severity/cnn2d/cfdac (cached)
  skip col_location/rf/modal (cached)
  skip col_location/xgb/modal (cached)
  skip col_location/mlp/modal (cached)
  skip col_location/cnn/frf_mag (cached)
  skip col_location/transformer/frf_mag (cached)
  skip col_location/cnn/timeseries (cached)
  skip col_location/transformer/timeseries (cached)
  skip col_location/cnn2d/cfdac (cached)
  skip mass_location/rf/modal (cached)
  skip mass_location/xgb/modal (cached)
  skip mass_location/mlp/modal (cached)
  skip mass_location/cnn/frf_mag (cached)
  skip mass_location/transformer/frf_mag (cached)
  skip mass_location/cnn/timeseries (cached)
  skip mass_location/transformer/timeseries (cached)
  skip mass_location/cnn2d/cfdac (cached)

HPO complete.

--- $ /usr/local/bin/python ml_pipeline/hpo.py --features /home/user/PhD_LANL/dataset/features_noisy_35dB.h5 --out /home/user/PhD_LANL/results/noisy_35dB
loading feature: modal
loading feature: frf_mag
loading feature: timeseries
loading feature: cfdac
HPO plan: 40 cells, 255 total trials
  skip binary/rf/modal (cached)
  skip binary/xgb/modal (cached)
  skip binary/mlp/modal (cached)
  skip binary/cnn/frf_mag (cached)
  skip binary/transformer/frf_mag (cached)
  skip binary/cnn/timeseries (cached)
  skip binary/transformer/timeseries (cached)
  skip binary/cnn2d/cfdac (cached)
  skip type/rf/modal (cached)
  skip type/xgb/modal (cached)
  skip type/mlp/modal (cached)
  skip type/cnn/frf_mag (cached)
  skip type/transformer/frf_mag (cached)
  skip type/cnn/timeseries (cached)
  skip type/transformer/timeseries (cached)
  skip type/cnn2d/cfdac (cached)
  skip severity/rf/modal (cached)
  skip severity/xgb/modal (cached)
  skip severity/mlp/modal (cached)
  skip severity/cnn/frf_mag (cached)
  skip severity/transformer/frf_mag (cached)
  skip severity/cnn/timeseries (cached)
  skip severity/transformer/timeseries (cached)
  skip severity/cnn2d/cfdac (cached)
  skip col_location/rf/modal (cached)
  skip col_location/xgb/modal (cached)
  skip col_location/mlp/modal (cached)
  skip col_location/cnn/frf_mag (cached)
  skip col_location/transformer/frf_mag (cached)
  skip col_location/cnn/timeseries (cached)
  skip col_location/transformer/timeseries (cached)
  skip col_location/cnn2d/cfdac (cached)
  skip mass_location/rf/modal (cached)
  skip mass_location/xgb/modal (cached)
  skip mass_location/mlp/modal (cached)
  skip mass_location/cnn/frf_mag (cached)
  skip mass_location/transformer/frf_mag (cached)
  skip mass_location/cnn/timeseries (cached)
  skip mass_location/transformer/timeseries (cached)
  skip mass_location/cnn2d/cfdac (cached)

HPO complete.

--- $ /usr/local/bin/python ml_pipeline/hpo.py --features /home/user/PhD_LANL/dataset/features_noisy_35dB.h5 --out /home/user/PhD_LANL/results/noisy_35dB
