plan: 25 cells, 100 trials
>>> loading cfdac_imag ...
    shape = (10000, 1, 128, 128), mem = 0.66 GB
  [1/100] binary/cnn2d/cfdac_imag {'widths': (8, 16, 32), 'kernel_size': 3}  val=0.8440  test=0.8267  (9.8s)
  [2/100] binary/cnn2d/cfdac_imag {'widths': (8, 16, 32), 'kernel_size': 5}  val=0.9533  test=0.9487  (10.4s)
  [3/100] binary/cnn2d/cfdac_imag {'widths': (16, 32, 64), 'kernel_size': 3}  val=0.9380  test=0.9253  (14.0s)
  [4/100] binary/cnn2d/cfdac_imag {'widths': (16, 32, 64), 'kernel_size': 5}  val=0.9453  test=0.9413  (18.0s)
  [5/100] col_location/cnn2d/cfdac_imag {'widths': (8, 16, 32), 'kernel_size': 3}  val=0.4273  test=0.4289  (4.9s)
  [6/100] col_location/cnn2d/cfdac_imag {'widths': (8, 16, 32), 'kernel_size': 5}  val=0.4706  test=0.4867  (6.0s)
  [7/100] col_location/cnn2d/cfdac_imag {'widths': (16, 32, 64), 'kernel_size': 3}  val=0.4550  test=0.4644  (8.2s)
  [8/100] col_location/cnn2d/cfdac_imag {'widths': (16, 32, 64), 'kernel_size': 5}  val=0.4861  test=0.4722  (10.6s)
  [9/100] mass_location/cnn2d/cfdac_imag {'widths': (8, 16, 32), 'kernel_size': 3}  val=0.7267  test=0.7300  (1.6s)
  [10/100] mass_location/cnn2d/cfdac_imag {'widths': (8, 16, 32), 'kernel_size': 5}  val=0.9400  test=0.9467  (2.0s)
  [11/100] mass_location/cnn2d/cfdac_imag {'widths': (16, 32, 64), 'kernel_size': 3}  val=0.8067  test=0.8133  (2.4s)
  [12/100] mass_location/cnn2d/cfdac_imag {'widths': (16, 32, 64), 'kernel_size': 5}  val=0.9533  test=0.9567  (3.3s)
  [13/100] severity/cnn2d/cfdac_imag {'widths': (8, 16, 32), 'kernel_size': 3}  val=0.2558  test=0.2170  (6.5s)
  [14/100] severity/cnn2d/cfdac_imag {'widths': (8, 16, 32), 'kernel_size': 5}  val=0.3906  test=0.3623  (8.1s)
  [15/100] severity/cnn2d/cfdac_imag {'widths': (16, 32, 64), 'kernel_size': 3}  val=0.3219  test=0.2898  (10.8s)
  [16/100] severity/cnn2d/cfdac_imag {'widths': (16, 32, 64), 'kernel_size': 5}  val=0.4267  test=0.4132  (14.4s)
  [17/100] type/cnn2d/cfdac_imag {'widths': (8, 16, 32), 'kernel_size': 3}  val=0.6313  test=0.6407  (8.4s)
  [18/100] type/cnn2d/cfdac_imag {'widths': (8, 16, 32), 'kernel_size': 5}  val=0.7153  test=0.7313  (10.9s)
  [19/100] type/cnn2d/cfdac_imag {'widths': (16, 32, 64), 'kernel_size': 3}  val=0.7140  test=0.7233  (15.2s)
  [20/100] type/cnn2d/cfdac_imag {'widths': (16, 32, 64), 'kernel_size': 5}  val=0.7887  test=0.7933  (18.4s)
>>> loading cfdac_mag ...
    shape = (10000, 1, 128, 128), mem = 0.66 GB
  [21/100] binary/cnn2d/cfdac_mag {'widths': (8, 16, 32), 'kernel_size': 3}  val=0.8000  test=0.8000  (8.7s)
  [22/100] binary/cnn2d/cfdac_mag {'widths': (8, 16, 32), 'kernel_size': 5}  val=0.8000  test=0.8000  (10.3s)
  [23/100] binary/cnn2d/cfdac_mag {'widths': (16, 32, 64), 'kernel_size': 3}  val=0.8000  test=0.8000  (13.7s)
  [24/100] binary/cnn2d/cfdac_mag {'widths': (16, 32, 64), 'kernel_size': 5}  val=0.8000  test=0.8000  (18.1s)
  [25/100] col_location/cnn2d/cfdac_mag {'widths': (8, 16, 32), 'kernel_size': 3}  val=0.4817  test=0.4600  (5.2s)
  [26/100] col_location/cnn2d/cfdac_mag {'widths': (8, 16, 32), 'kernel_size': 5}  val=0.4828  test=0.4689  (6.0s)
  [27/100] col_location/cnn2d/cfdac_mag {'widths': (16, 32, 64), 'kernel_size': 3}  val=0.4861  test=0.4600  (8.2s)
  [28/100] col_location/cnn2d/cfdac_mag {'widths': (16, 32, 64), 'kernel_size': 5}  val=0.4206  test=0.3956  (10.8s)
  [29/100] mass_location/cnn2d/cfdac_mag {'widths': (8, 16, 32), 'kernel_size': 3}  val=0.7333  test=0.7133  (1.7s)
  [30/100] mass_location/cnn2d/cfdac_mag {'widths': (8, 16, 32), 'kernel_size': 5}  val=0.9100  test=0.8867  (2.0s)
  [31/100] mass_location/cnn2d/cfdac_mag {'widths': (16, 32, 64), 'kernel_size': 3}  val=0.9067  test=0.8867  (2.6s)
  [32/100] mass_location/cnn2d/cfdac_mag {'widths': (16, 32, 64), 'kernel_size': 5}  val=0.7200  test=0.7067  (3.4s)
  [33/100] severity/cnn2d/cfdac_mag {'widths': (8, 16, 32), 'kernel_size': 3}  val=0.2407  test=0.2039  (6.9s)
  [34/100] severity/cnn2d/cfdac_mag {'widths': (8, 16, 32), 'kernel_size': 5}  val=0.2433  test=0.2185  (8.5s)
  [35/100] severity/cnn2d/cfdac_mag {'widths': (16, 32, 64), 'kernel_size': 3}  val=0.2170  test=0.1900  (11.0s)
  [36/100] severity/cnn2d/cfdac_mag {'widths': (16, 32, 64), 'kernel_size': 5}  val=0.2220  test=0.1856  (14.3s)
  [37/100] type/cnn2d/cfdac_mag {'widths': (8, 16, 32), 'kernel_size': 3}  val=0.5487  test=0.5487  (8.5s)
  [38/100] type/cnn2d/cfdac_mag {'widths': (8, 16, 32), 'kernel_size': 5}  val=0.6760  test=0.6747  (10.4s)
  [39/100] type/cnn2d/cfdac_mag {'widths': (16, 32, 64), 'kernel_size': 3}  val=0.5833  test=0.5760  (14.8s)
  [40/100] type/cnn2d/cfdac_mag {'widths': (16, 32, 64), 'kernel_size': 5}  val=0.6420  test=0.6307  (18.4s)
>>> loading cfdac_magphase ...
    shape = (10000, 2, 128, 128), mem = 1.31 GB
  [41/100] binary/cnn2d/cfdac_magphase {'widths': (8, 16, 32), 'kernel_size': 3}  val=0.8580  test=0.8567  (9.6s)
  [42/100] binary/cnn2d/cfdac_magphase {'widths': (8, 16, 32), 'kernel_size': 5}  val=0.9087  test=0.9007  (11.5s)
  [43/100] binary/cnn2d/cfdac_magphase {'widths': (16, 32, 64), 'kernel_size': 3}  val=0.8613  test=0.8807  (14.5s)
  [44/100] binary/cnn2d/cfdac_magphase {'widths': (16, 32, 64), 'kernel_size': 5}  val=0.8760  test=0.8833  (19.0s)
  [45/100] col_location/cnn2d/cfdac_magphase {'widths': (8, 16, 32), 'kernel_size': 3}  val=0.4440  test=0.4122  (5.6s)
  [46/100] col_location/cnn2d/cfdac_magphase {'widths': (8, 16, 32), 'kernel_size': 5}  val=0.4961  test=0.4633  (7.1s)
  [47/100] col_location/cnn2d/cfdac_magphase {'widths': (16, 32, 64), 'kernel_size': 3}  val=0.4895  test=0.4622  (9.2s)
  [48/100] col_location/cnn2d/cfdac_magphase {'widths': (16, 32, 64), 'kernel_size': 5}  val=0.4717  test=0.4789  (12.2s)
  [49/100] mass_location/cnn2d/cfdac_magphase {'widths': (8, 16, 32), 'kernel_size': 3}  val=0.8800  test=0.8967  (1.9s)
  [50/100] mass_location/cnn2d/cfdac_magphase {'widths': (8, 16, 32), 'kernel_size': 5}  val=0.9467  test=0.9333  (2.2s)
  [51/100] mass_location/cnn2d/cfdac_magphase {'widths': (16, 32, 64), 'kernel_size': 3}  val=0.9667  test=0.9633  (2.8s)
  [52/100] mass_location/cnn2d/cfdac_magphase {'widths': (16, 32, 64), 'kernel_size': 5}  val=0.9800  test=0.9733  (3.7s)
  [53/100] severity/cnn2d/cfdac_magphase {'widths': (8, 16, 32), 'kernel_size': 3}  val=0.3013  test=0.2857  (7.7s)
  [54/100] severity/cnn2d/cfdac_magphase {'widths': (8, 16, 32), 'kernel_size': 5}  val=0.3543  test=0.3541  (9.5s)
  [55/100] severity/cnn2d/cfdac_magphase {'widths': (16, 32, 64), 'kernel_size': 3}  val=0.3663  test=0.3587  (12.2s)
  [56/100] severity/cnn2d/cfdac_magphase {'widths': (16, 32, 64), 'kernel_size': 5}  val=0.4336  test=0.4302  (15.8s)
  [57/100] type/cnn2d/cfdac_magphase {'widths': (8, 16, 32), 'kernel_size': 3}  val=0.6293  test=0.6327  (10.1s)
  [58/100] type/cnn2d/cfdac_magphase {'widths': (8, 16, 32), 'kernel_size': 5}  val=0.6467  test=0.6460  (13.4s)
  [59/100] type/cnn2d/cfdac_magphase {'widths': (16, 32, 64), 'kernel_size': 3}  val=0.7093  test=0.7173  (16.1s)
  [60/100] type/cnn2d/cfdac_magphase {'widths': (16, 32, 64), 'kernel_size': 5}  val=0.6960  test=0.6880  (19.8s)
>>> loading cfdac_phase ...
    shape = (10000, 1, 128, 128), mem = 0.66 GB
  [61/100] binary/cnn2d/cfdac_phase {'widths': (8, 16, 32), 'kernel_size': 3}  val=0.8600  test=0.8667  (8.9s)
  [62/100] binary/cnn2d/cfdac_phase {'widths': (8, 16, 32), 'kernel_size': 5}  val=0.9093  test=0.9113  (11.0s)
  [63/100] binary/cnn2d/cfdac_phase {'widths': (16, 32, 64), 'kernel_size': 3}  val=0.8613  test=0.8847  (14.7s)
  [64/100] binary/cnn2d/cfdac_phase {'widths': (16, 32, 64), 'kernel_size': 5}  val=0.9087  test=0.9127  (19.3s)
  [65/100] col_location/cnn2d/cfdac_phase {'widths': (8, 16, 32), 'kernel_size': 3}  val=0.4828  test=0.4611  (5.2s)
  [66/100] col_location/cnn2d/cfdac_phase {'widths': (8, 16, 32), 'kernel_size': 5}  val=0.4495  test=0.4867  (6.5s)
  [67/100] col_location/cnn2d/cfdac_phase {'widths': (16, 32, 64), 'kernel_size': 3}  val=0.5017  test=0.4756  (8.4s)
  [68/100] col_location/cnn2d/cfdac_phase {'widths': (16, 32, 64), 'kernel_size': 5}  val=0.4839  test=0.4689  (10.8s)
  [69/100] mass_location/cnn2d/cfdac_phase {'widths': (8, 16, 32), 'kernel_size': 3}  val=0.8833  test=0.8933  (1.6s)
  [70/100] mass_location/cnn2d/cfdac_phase {'widths': (8, 16, 32), 'kernel_size': 5}  val=0.9000  test=0.9133  (1.9s)
  [71/100] mass_location/cnn2d/cfdac_phase {'widths': (16, 32, 64), 'kernel_size': 3}  val=0.9733  test=0.9467  (2.6s)
  [72/100] mass_location/cnn2d/cfdac_phase {'widths': (16, 32, 64), 'kernel_size': 5}  val=0.9767  test=0.9700  (3.4s)
  [73/100] severity/cnn2d/cfdac_phase {'widths': (8, 16, 32), 'kernel_size': 3}  val=0.3163  test=0.3233  (6.8s)
  [74/100] severity/cnn2d/cfdac_phase {'widths': (8, 16, 32), 'kernel_size': 5}  val=0.3815  test=0.3525  (8.4s)
  [75/100] severity/cnn2d/cfdac_phase {'widths': (16, 32, 64), 'kernel_size': 3}  val=0.3378  test=0.3397  (11.1s)
  [76/100] severity/cnn2d/cfdac_phase {'widths': (16, 32, 64), 'kernel_size': 5}  val=0.4420  test=0.4067  (14.5s)
  [77/100] type/cnn2d/cfdac_phase {'widths': (8, 16, 32), 'kernel_size': 3}  val=0.6333  test=0.6380  (8.8s)
  [78/100] type/cnn2d/cfdac_phase {'widths': (8, 16, 32), 'kernel_size': 5}  val=0.6893  test=0.7020  (10.6s)
  [79/100] type/cnn2d/cfdac_phase {'widths': (16, 32, 64), 'kernel_size': 3}  val=0.6953  test=0.7160  (14.0s)
  [80/100] type/cnn2d/cfdac_phase {'widths': (16, 32, 64), 'kernel_size': 5}  val=0.6947  test=0.6927  (18.5s)
>>> loading cfdac_real ...
    shape = (10000, 1, 128, 128), mem = 0.66 GB
  [81/100] binary/cnn2d/cfdac_real {'widths': (8, 16, 32), 'kernel_size': 3}  val=0.8000  test=0.8000  (8.6s)
  [82/100] binary/cnn2d/cfdac_real {'widths': (8, 16, 32), 'kernel_size': 5}  val=0.9280  test=0.9280  (10.6s)
  [83/100] binary/cnn2d/cfdac_real {'widths': (16, 32, 64), 'kernel_size': 3}  val=0.9427  test=0.9247  (13.8s)
  [84/100] binary/cnn2d/cfdac_real {'widths': (16, 32, 64), 'kernel_size': 5}  val=0.9560  test=0.9413  (18.1s)
  [85/100] col_location/cnn2d/cfdac_real {'widths': (8, 16, 32), 'kernel_size': 3}  val=0.4673  test=0.4467  (4.9s)
  [86/100] col_location/cnn2d/cfdac_real {'widths': (8, 16, 32), 'kernel_size': 5}  val=0.4451  test=0.4467  (6.1s)
  [87/100] col_location/cnn2d/cfdac_real {'widths': (16, 32, 64), 'kernel_size': 3}  val=0.4728  test=0.4589  (8.2s)
  [88/100] col_location/cnn2d/cfdac_real {'widths': (16, 32, 64), 'kernel_size': 5}  val=0.5028  test=0.4822  (10.7s)
  [89/100] mass_location/cnn2d/cfdac_real {'widths': (8, 16, 32), 'kernel_size': 3}  val=0.7667  test=0.8033  (1.6s)
  [90/100] mass_location/cnn2d/cfdac_real {'widths': (8, 16, 32), 'kernel_size': 5}  val=0.8467  test=0.8500  (2.0s)
  [91/100] mass_location/cnn2d/cfdac_real {'widths': (16, 32, 64), 'kernel_size': 3}  val=0.8733  test=0.9033  (2.6s)
  [92/100] mass_location/cnn2d/cfdac_real {'widths': (16, 32, 64), 'kernel_size': 5}  val=0.9800  test=0.9633  (3.5s)
  [93/100] severity/cnn2d/cfdac_real {'widths': (8, 16, 32), 'kernel_size': 3}  val=0.3055  test=0.2663  (6.7s)
  [94/100] severity/cnn2d/cfdac_real {'widths': (8, 16, 32), 'kernel_size': 5}  val=0.2871  test=0.2661  (8.6s)
  [95/100] severity/cnn2d/cfdac_real {'widths': (16, 32, 64), 'kernel_size': 3}  val=0.3342  test=0.3138  (11.0s)
  [96/100] severity/cnn2d/cfdac_real {'widths': (16, 32, 64), 'kernel_size': 5}  val=0.3601  test=0.3713  (14.4s)
  [97/100] type/cnn2d/cfdac_real {'widths': (8, 16, 32), 'kernel_size': 3}  val=0.6040  test=0.6253  (8.6s)
  [98/100] type/cnn2d/cfdac_real {'widths': (8, 16, 32), 'kernel_size': 5}  val=0.7713  test=0.7773  (10.6s)
  [99/100] type/cnn2d/cfdac_real {'widths': (16, 32, 64), 'kernel_size': 3}  val=0.7013  test=0.7100  (14.0s)
  [100/100] type/cnn2d/cfdac_real {'widths': (16, 32, 64), 'kernel_size': 5}  val=0.7973  test=0.8033  (18.3s)

done.

--- $ /usr/local/bin/python ml_pipeline/hpo_cfdac_variants.py --features /home/user/PhD_LANL/dataset/features_noisy_35dB.h5 --out /home/user/PhD_LANL/results/noisy_35dB
plan: 25 cells, 100 trials
  skip binary/cnn2d/cfdac_imag (cached)
  skip col_location/cnn2d/cfdac_imag (cached)
  skip mass_location/cnn2d/cfdac_imag (cached)
  skip severity/cnn2d/cfdac_imag (cached)
  skip type/cnn2d/cfdac_imag (cached)
  skip binary/cnn2d/cfdac_mag (cached)
  skip col_location/cnn2d/cfdac_mag (cached)
  skip mass_location/cnn2d/cfdac_mag (cached)
  skip severity/cnn2d/cfdac_mag (cached)
  skip type/cnn2d/cfdac_mag (cached)
  skip binary/cnn2d/cfdac_magphase (cached)
  skip col_location/cnn2d/cfdac_magphase (cached)
  skip mass_location/cnn2d/cfdac_magphase (cached)
  skip severity/cnn2d/cfdac_magphase (cached)
  skip type/cnn2d/cfdac_magphase (cached)
  skip binary/cnn2d/cfdac_phase (cached)
  skip col_location/cnn2d/cfdac_phase (cached)
  skip mass_location/cnn2d/cfdac_phase (cached)
  skip severity/cnn2d/cfdac_phase (cached)
  skip type/cnn2d/cfdac_phase (cached)
  skip binary/cnn2d/cfdac_real (cached)
  skip col_location/cnn2d/cfdac_real (cached)
  skip mass_location/cnn2d/cfdac_real (cached)
  skip severity/cnn2d/cfdac_real (cached)
  skip type/cnn2d/cfdac_real (cached)

done.

--- $ /usr/local/bin/python ml_pipeline/hpo_cfdac_variants.py --features /home/user/PhD_LANL/dataset/features_noisy_35dB.h5 --out /home/user/PhD_LANL/results/noisy_35dB
plan: 25 cells, 100 trials
  skip binary/cnn2d/cfdac_imag (cached)
  skip col_location/cnn2d/cfdac_imag (cached)
  skip mass_location/cnn2d/cfdac_imag (cached)
  skip severity/cnn2d/cfdac_imag (cached)
  skip type/cnn2d/cfdac_imag (cached)
  skip binary/cnn2d/cfdac_mag (cached)
  skip col_location/cnn2d/cfdac_mag (cached)
  skip mass_location/cnn2d/cfdac_mag (cached)
  skip severity/cnn2d/cfdac_mag (cached)
  skip type/cnn2d/cfdac_mag (cached)
  skip binary/cnn2d/cfdac_magphase (cached)
  skip col_location/cnn2d/cfdac_magphase (cached)
  skip mass_location/cnn2d/cfdac_magphase (cached)
  skip severity/cnn2d/cfdac_magphase (cached)
  skip type/cnn2d/cfdac_magphase (cached)
  skip binary/cnn2d/cfdac_phase (cached)
  skip col_location/cnn2d/cfdac_phase (cached)
  skip mass_location/cnn2d/cfdac_phase (cached)
  skip severity/cnn2d/cfdac_phase (cached)
  skip type/cnn2d/cfdac_phase (cached)
  skip binary/cnn2d/cfdac_real (cached)
  skip col_location/cnn2d/cfdac_real (cached)
  skip mass_location/cnn2d/cfdac_real (cached)
  skip severity/cnn2d/cfdac_real (cached)
  skip type/cnn2d/cfdac_real (cached)

done.

--- $ /usr/local/bin/python ml_pipeline/hpo_cfdac_variants.py --features /home/user/PhD_LANL/dataset/features_noisy_35dB.h5 --out /home/user/PhD_LANL/results/noisy_35dB
