plan: 140 cells (existing cells skipped)
>>> loading cfdac_real ...
    shape = (10000, 1, 128, 128), mem = 0.66 GB
  [1] binary/cnn/cfdac_real {'widths': (32, 64, 128), 'kernel_size': 7}  val=0.8333  test=0.8333  (10.0s)
  [2] binary/mlp/cfdac_real {'hidden': (256, 128, 64), 'lr': 0.001}  val=0.9653  test=0.9653  (11.6s)
  [3] binary/rf/cfdac_real {'n_estimators': 200, 'max_depth': None}  val=0.9373  test=0.9393  (34.3s)
  [4] binary/transformer/cfdac_real {'d_model': 48, 'n_layers': 2}  val=0.8000  test=0.8000  (8.1s)
  [5] binary/xgb/cfdac_real {'n_estimators': 200, 'max_depth': 6}  val=0.9500  test=0.9460  (194.0s)
  [6] col_location/cnn/cfdac_real {'widths': (32, 64, 128), 'kernel_size': 7}  val=0.4428  test=0.4400  (5.5s)
  [7] col_location/mlp/cfdac_real {'hidden': (256, 128, 64), 'lr': 0.001}  val=0.5205  test=0.4967  (7.7s)
  [8] col_location/rf/cfdac_real {'n_estimators': 200, 'max_depth': None}  val=0.4761  test=0.4711  (21.7s)
  [9] col_location/transformer/cfdac_real {'d_model': 48, 'n_layers': 2}  val=0.2619  test=0.2689  (4.9s)
  [10] mass_location/cnn/cfdac_real {'widths': (32, 64, 128), 'kernel_size': 7}  val=0.9700  test=0.9633  (1.8s)
  [11] mass_location/mlp/cfdac_real {'hidden': (256, 128, 64), 'lr': 0.001}  val=0.9967  test=0.9933  (1.5s)
  [12] mass_location/rf/cfdac_real {'n_estimators': 200, 'max_depth': None}  val=0.9933  test=0.9900  (2.8s)
  [13] mass_location/transformer/cfdac_real {'d_model': 48, 'n_layers': 2}  val=0.3800  test=0.3633  (1.6s)
  [14] severity/cnn/cfdac_real {'widths': (32, 64, 128), 'kernel_size': 7}  val=0.2678  test=0.2163  (7.3s)
  [15] severity/mlp/cfdac_real {'hidden': (256, 128, 64), 'lr': 0.001}  val=0.1702  test=0.1300  (8.4s)
  [16] severity/xgb/cfdac_real {'n_estimators': 200, 'max_depth': 6}  val=0.5107  test=0.5352  (212.9s)
  [17] type/cnn/cfdac_real {'widths': (32, 64, 128), 'kernel_size': 7}  val=0.7160  test=0.7393  (9.7s)
  [18] type/mlp/cfdac_real {'hidden': (256, 128, 64), 'lr': 0.001}  val=0.8060  test=0.8173  (11.8s)
  [19] type/rf/cfdac_real {'n_estimators': 200, 'max_depth': None}  val=0.7947  test=0.8093  (54.1s)
  [20] type/transformer/cfdac_real {'d_model': 48, 'n_layers': 2}  val=0.5180  test=0.5160  (8.3s)
>>> loading cfdac_imag ...
    shape = (10000, 1, 128, 128), mem = 0.66 GB
  [21] binary/cnn/cfdac_imag {'widths': (32, 64, 128), 'kernel_size': 7}  val=0.8900  test=0.8913  (9.9s)
  [22] binary/mlp/cfdac_imag {'hidden': (256, 128, 64), 'lr': 0.001}  val=0.9407  test=0.9447  (12.3s)
