adding noise at 25.0 dB to 20 chunks → /home/user/PhD_LANL/dataset/noisy_25dB
  [ 1/20] chunk_0000.h5  n=511  achieved SNR=25.00 dB
  [ 2/20] chunk_0001.h5  n=511  achieved SNR=25.00 dB
  [ 3/20] chunk_0002.h5  n=511  achieved SNR=25.00 dB
  [ 4/20] chunk_0003.h5  n=511  achieved SNR=25.00 dB
  [ 5/20] chunk_0004.h5  n=511  achieved SNR=25.00 dB
  [ 6/20] chunk_0005.h5  n=511  achieved SNR=25.00 dB
  [ 7/20] chunk_0006.h5  n=511  achieved SNR=25.00 dB
  [ 8/20] chunk_0007.h5  n=511  achieved SNR=25.00 dB
  [ 9/20] chunk_0008.h5  n=511  achieved SNR=25.00 dB
  [10/20] chunk_0009.h5  n=511  achieved SNR=25.00 dB
  [11/20] chunk_0010.h5  n=511  achieved SNR=25.01 dB
  [12/20] chunk_0011.h5  n=511  achieved SNR=25.00 dB
  [13/20] chunk_0012.h5  n=511  achieved SNR=25.00 dB
  [14/20] chunk_0013.h5  n=511  achieved SNR=25.00 dB
  [15/20] chunk_0014.h5  n=511  achieved SNR=25.00 dB
  [16/20] chunk_0015.h5  n=511  achieved SNR=25.00 dB
  [17/20] chunk_0016.h5  n=511  achieved SNR=25.00 dB
  [18/20] chunk_0017.h5  n=511  achieved SNR=25.00 dB
  [19/20] chunk_0018.h5  n=511  achieved SNR=25.00 dB
  [20/20] chunk_0019.h5  n=291  achieved SNR=25.00 dB

wrote 10000 noisy samples; mean achieved SNR = 25.00 dB

--- $ /usr/local/bin/python ml_pipeline/build_noisy_chunks.py --snr-db 25.0
