loading feature: modal
loading feature: frf_mag
loading feature: timeseries
loading feature: cfdac
HPO plan: 40 cells, 255 total trials
  [1/255] binary/rf/modal  {'n_estimators': 100, 'max_depth': 6}  val=0.7253  test=0.7480  (0.6s)
  [2/255] binary/rf/modal  {'n_estimators': 100, 'max_depth': 12}  val=0.7933  test=0.8073  (0.8s)
  [3/255] binary/rf/modal  {'n_estimators': 100, 'max_depth': None}  val=0.8693  test=0.8620  (1.1s)
  [4/255] binary/rf/modal  {'n_estimators': 200, 'max_depth': 6}  val=0.7267  test=0.7507  (1.1s)
  [5/255] binary/rf/modal  {'n_estimators': 200, 'max_depth': 12}  val=0.7940  test=0.8080  (1.5s)
  [6/255] binary/rf/modal  {'n_estimators': 200, 'max_depth': None}  val=0.8680  test=0.8580  (2.2s)
  [7/255] binary/rf/modal  {'n_estimators': 300, 'max_depth': 6}  val=0.7253  test=0.7493  (1.6s)
  [8/255] binary/rf/modal  {'n_estimators': 300, 'max_depth': 12}  val=0.7900  test=0.8093  (2.2s)
  [9/255] binary/rf/modal  {'n_estimators': 300, 'max_depth': None}  val=0.8667  test=0.8580  (3.2s)
/usr/local/lib/python3.11/dist-packages/xgboost/training.py:200: UserWarning: [01:28:18] WARNING: /__w/xgboost/xgboost/src/learner.cc:782: 
Parameters: { "use_label_encoder" } are not used.

  bst.update(dtrain, iteration=i, fobj=obj)
  [10/255] binary/xgb/modal  {'n_estimators': 100, 'max_depth': 4}  val=0.8840  test=0.8887  (0.2s)
/usr/local/lib/python3.11/dist-packages/xgboost/training.py:200: UserWarning: [01:28:18] WARNING: /__w/xgboost/xgboost/src/learner.cc:782: 
Parameters: { "use_label_encoder" } are not used.

  bst.update(dtrain, iteration=i, fobj=obj)
  [11/255] binary/xgb/modal  {'n_estimators': 100, 'max_depth': 6}  val=0.8947  test=0.8967  (0.3s)
/usr/local/lib/python3.11/dist-packages/xgboost/training.py:200: UserWarning: [01:28:19] WARNING: /__w/xgboost/xgboost/src/learner.cc:782: 
Parameters: { "use_label_encoder" } are not used.

  bst.update(dtrain, iteration=i, fobj=obj)
  [12/255] binary/xgb/modal  {'n_estimators': 100, 'max_depth': 8}  val=0.9000  test=0.8927  (0.5s)
/usr/local/lib/python3.11/dist-packages/xgboost/training.py:200: UserWarning: [01:28:19] WARNING: /__w/xgboost/xgboost/src/learner.cc:782: 
Parameters: { "use_label_encoder" } are not used.

  bst.update(dtrain, iteration=i, fobj=obj)
  [13/255] binary/xgb/modal  {'n_estimators': 300, 'max_depth': 4}  val=0.8960  test=0.8967  (0.5s)
/usr/local/lib/python3.11/dist-packages/xgboost/training.py:200: UserWarning: [01:28:20] WARNING: /__w/xgboost/xgboost/src/learner.cc:782: 
Parameters: { "use_label_encoder" } are not used.

  bst.update(dtrain, iteration=i, fobj=obj)
  [14/255] binary/xgb/modal  {'n_estimators': 300, 'max_depth': 6}  val=0.9073  test=0.8920  (0.9s)
/usr/local/lib/python3.11/dist-packages/xgboost/training.py:200: UserWarning: [01:28:21] WARNING: /__w/xgboost/xgboost/src/learner.cc:782: 
Parameters: { "use_label_encoder" } are not used.

  bst.update(dtrain, iteration=i, fobj=obj)
  [15/255] binary/xgb/modal  {'n_estimators': 300, 'max_depth': 8}  val=0.9067  test=0.8967  (1.2s)
/usr/local/lib/python3.11/dist-packages/xgboost/training.py:200: UserWarning: [01:28:22] WARNING: /__w/xgboost/xgboost/src/learner.cc:782: 
Parameters: { "use_label_encoder" } are not used.

  bst.update(dtrain, iteration=i, fobj=obj)
  [16/255] binary/xgb/modal  {'n_estimators': 600, 'max_depth': 4}  val=0.9033  test=0.9020  (1.2s)
/usr/local/lib/python3.11/dist-packages/xgboost/training.py:200: UserWarning: [01:28:23] WARNING: /__w/xgboost/xgboost/src/learner.cc:782: 
Parameters: { "use_label_encoder" } are not used.

  bst.update(dtrain, iteration=i, fobj=obj)
  [17/255] binary/xgb/modal  {'n_estimators': 600, 'max_depth': 6}  val=0.9080  test=0.9013  (2.0s)
/usr/local/lib/python3.11/dist-packages/xgboost/training.py:200: UserWarning: [01:28:25] WARNING: /__w/xgboost/xgboost/src/learner.cc:782: 
Parameters: { "use_label_encoder" } are not used.

  bst.update(dtrain, iteration=i, fobj=obj)
  [18/255] binary/xgb/modal  {'n_estimators': 600, 'max_depth': 8}  val=0.9040  test=0.8973  (2.6s)
  [19/255] binary/mlp/modal  {'hidden': (128, 64), 'lr': 0.0005}  val=0.8067  test=0.8053  (2.0s)
  [20/255] binary/mlp/modal  {'hidden': (128, 64), 'lr': 0.001}  val=0.8327  test=0.8360  (0.8s)
  [21/255] binary/mlp/modal  {'hidden': (128, 64), 'lr': 0.003}  val=0.9153  test=0.9027  (0.8s)
  [22/255] binary/mlp/modal  {'hidden': (256, 128, 64), 'lr': 0.0005}  val=0.8260  test=0.8220  (1.1s)
  [23/255] binary/mlp/modal  {'hidden': (256, 128, 64), 'lr': 0.001}  val=0.8960  test=0.8833  (1.2s)
  [24/255] binary/mlp/modal  {'hidden': (256, 128, 64), 'lr': 0.003}  val=0.9107  test=0.9173  (1.2s)
  [25/255] binary/mlp/modal  {'hidden': (512, 256, 128), 'lr': 0.0005}  val=0.8533  test=0.8533  (1.9s)
  [26/255] binary/mlp/modal  {'hidden': (512, 256, 128), 'lr': 0.001}  val=0.9073  test=0.9087  (2.0s)
  [27/255] binary/mlp/modal  {'hidden': (512, 256, 128), 'lr': 0.003}  val=0.9187  test=0.9113  (2.0s)
  [28/255] binary/cnn/frf_mag  {'widths': (16, 32, 64), 'kernel_size': 5}  val=0.8073  test=0.8127  (6.9s)
  [29/255] binary/cnn/frf_mag  {'widths': (16, 32, 64), 'kernel_size': 7}  val=0.8053  test=0.8133  (7.3s)
  [30/255] binary/cnn/frf_mag  {'widths': (32, 64, 128), 'kernel_size': 5}  val=0.8027  test=0.8067  (13.7s)
  [31/255] binary/cnn/frf_mag  {'widths': (32, 64, 128), 'kernel_size': 7}  val=0.8213  test=0.8207  (15.3s)
  [32/255] binary/transformer/frf_mag  {'d_model': 32, 'n_layers': 1}  val=0.8000  test=0.8000  (4.1s)
  [33/255] binary/transformer/frf_mag  {'d_model': 32, 'n_layers': 2}  val=0.8000  test=0.8000  (7.3s)
  [34/255] binary/transformer/frf_mag  {'d_model': 48, 'n_layers': 1}  val=0.8000  test=0.8000  (5.1s)
  [35/255] binary/transformer/frf_mag  {'d_model': 48, 'n_layers': 2}  val=0.8000  test=0.8000  (9.5s)
  [36/255] binary/transformer/frf_mag  {'d_model': 64, 'n_layers': 1}  val=0.8000  test=0.8000  (6.2s)
  [37/255] binary/transformer/frf_mag  {'d_model': 64, 'n_layers': 2}  val=0.8000  test=0.8000  (11.6s)
  [38/255] binary/cnn/timeseries  {'widths': (16, 32, 64), 'kernel_size': 5}  val=0.8000  test=0.8000  (14.0s)
  [39/255] binary/cnn/timeseries  {'widths': (16, 32, 64), 'kernel_size': 7}  val=0.8000  test=0.8000  (15.6s)
  [40/255] binary/cnn/timeseries  {'widths': (32, 64, 128), 'kernel_size': 5}  val=0.8093  test=0.8060  (35.4s)
  [41/255] binary/cnn/timeseries  {'widths': (32, 64, 128), 'kernel_size': 7}  val=0.8000  test=0.8000  (37.4s)
  [42/255] binary/transformer/timeseries  {'d_model': 32, 'n_layers': 1}  val=0.8000  test=0.8000  (12.5s)
