plan: 25 cells, 100 trials
>>> loading cfdac_imag ...
    shape = (10000, 1, 128, 128), mem = 0.66 GB
  [1/100] binary/cnn2d/cfdac_imag {'widths': (8, 16, 32), 'kernel_size': 3}  val=0.8733  test=0.8720  (10.3s)
  [2/100] binary/cnn2d/cfdac_imag {'widths': (8, 16, 32), 'kernel_size': 5}  val=0.9233  test=0.9133  (11.0s)
  [3/100] binary/cnn2d/cfdac_imag {'widths': (16, 32, 64), 'kernel_size': 3}  val=0.9027  test=0.9047  (14.3s)
  [4/100] binary/cnn2d/cfdac_imag {'widths': (16, 32, 64), 'kernel_size': 5}  val=0.9480  test=0.9407  (18.6s)
  [5/100] col_location/cnn2d/cfdac_imag {'widths': (8, 16, 32), 'kernel_size': 3}  val=0.3740  test=0.4044  (5.1s)
  [6/100] col_location/cnn2d/cfdac_imag {'widths': (8, 16, 32), 'kernel_size': 5}  val=0.4795  test=0.4689  (6.2s)
  [7/100] col_location/cnn2d/cfdac_imag {'widths': (16, 32, 64), 'kernel_size': 3}  val=0.4351  test=0.4256  (8.1s)
  [8/100] col_location/cnn2d/cfdac_imag {'widths': (16, 32, 64), 'kernel_size': 5}  val=0.4684  test=0.4722  (10.6s)
  [9/100] mass_location/cnn2d/cfdac_imag {'widths': (8, 16, 32), 'kernel_size': 3}  val=0.7000  test=0.7233  (1.7s)
  [10/100] mass_location/cnn2d/cfdac_imag {'widths': (8, 16, 32), 'kernel_size': 5}  val=0.7967  test=0.7933  (2.0s)
  [11/100] mass_location/cnn2d/cfdac_imag {'widths': (16, 32, 64), 'kernel_size': 3}  val=0.9267  test=0.9100  (2.7s)
  [12/100] mass_location/cnn2d/cfdac_imag {'widths': (16, 32, 64), 'kernel_size': 5}  val=0.9067  test=0.9200  (3.4s)
  [13/100] severity/cnn2d/cfdac_imag {'widths': (8, 16, 32), 'kernel_size': 3}  val=0.2783  test=0.2340  (6.9s)
  [14/100] severity/cnn2d/cfdac_imag {'widths': (8, 16, 32), 'kernel_size': 5}  val=0.3991  test=0.3938  (8.7s)
  [15/100] severity/cnn2d/cfdac_imag {'widths': (16, 32, 64), 'kernel_size': 3}  val=0.2854  test=0.2510  (11.0s)
  [16/100] severity/cnn2d/cfdac_imag {'widths': (16, 32, 64), 'kernel_size': 5}  val=0.3904  test=0.4001  (14.7s)
  [17/100] type/cnn2d/cfdac_imag {'widths': (8, 16, 32), 'kernel_size': 3}  val=0.6413  test=0.6400  (8.8s)
  [18/100] type/cnn2d/cfdac_imag {'widths': (8, 16, 32), 'kernel_size': 5}  val=0.7773  test=0.7840  (10.5s)
  [19/100] type/cnn2d/cfdac_imag {'widths': (16, 32, 64), 'kernel_size': 3}  val=0.6953  test=0.7000  (14.0s)
  [20/100] type/cnn2d/cfdac_imag {'widths': (16, 32, 64), 'kernel_size': 5}  val=0.7947  test=0.8067  (18.0s)
>>> loading cfdac_mag ...
    shape = (10000, 1, 128, 128), mem = 0.66 GB
  [21/100] binary/cnn2d/cfdac_mag {'widths': (8, 16, 32), 'kernel_size': 3}  val=0.8000  test=0.8000  (8.5s)
  [22/100] binary/cnn2d/cfdac_mag {'widths': (8, 16, 32), 'kernel_size': 5}  val=0.8000  test=0.8000  (10.8s)
  [23/100] binary/cnn2d/cfdac_mag {'widths': (16, 32, 64), 'kernel_size': 3}  val=0.8000  test=0.8000  (14.2s)
  [24/100] binary/cnn2d/cfdac_mag {'widths': (16, 32, 64), 'kernel_size': 5}  val=0.8000  test=0.8000  (18.7s)
  [25/100] col_location/cnn2d/cfdac_mag {'widths': (8, 16, 32), 'kernel_size': 3}  val=0.4639  test=0.4589  (5.8s)
  [26/100] col_location/cnn2d/cfdac_mag {'widths': (8, 16, 32), 'kernel_size': 5}  val=0.4528  test=0.4700  (6.6s)
  [27/100] col_location/cnn2d/cfdac_mag {'widths': (16, 32, 64), 'kernel_size': 3}  val=0.4839  test=0.4567  (8.3s)
  [28/100] col_location/cnn2d/cfdac_mag {'widths': (16, 32, 64), 'kernel_size': 5}  val=0.4451  test=0.4367  (10.7s)
  [29/100] mass_location/cnn2d/cfdac_mag {'widths': (8, 16, 32), 'kernel_size': 3}  val=0.8000  test=0.7800  (1.6s)
  [30/100] mass_location/cnn2d/cfdac_mag {'widths': (8, 16, 32), 'kernel_size': 5}  val=0.8867  test=0.8867  (2.0s)
  [31/100] mass_location/cnn2d/cfdac_mag {'widths': (16, 32, 64), 'kernel_size': 3}  val=0.8833  test=0.8867  (2.6s)
  [32/100] mass_location/cnn2d/cfdac_mag {'widths': (16, 32, 64), 'kernel_size': 5}  val=0.9300  test=0.9200  (3.5s)
  [33/100] severity/cnn2d/cfdac_mag {'widths': (8, 16, 32), 'kernel_size': 3}  val=0.2011  test=0.1564  (7.0s)
  [34/100] severity/cnn2d/cfdac_mag {'widths': (8, 16, 32), 'kernel_size': 5}  val=0.2419  test=0.2071  (8.7s)
  [35/100] severity/cnn2d/cfdac_mag {'widths': (16, 32, 64), 'kernel_size': 3}  val=0.2373  test=0.2031  (10.9s)
  [36/100] severity/cnn2d/cfdac_mag {'widths': (16, 32, 64), 'kernel_size': 5}  val=0.1970  test=0.1987  (14.8s)
  [37/100] type/cnn2d/cfdac_mag {'widths': (8, 16, 32), 'kernel_size': 3}  val=0.3533  test=0.3893  (9.0s)
  [38/100] type/cnn2d/cfdac_mag {'widths': (8, 16, 32), 'kernel_size': 5}  val=0.5233  test=0.5387  (11.3s)
  [39/100] type/cnn2d/cfdac_mag {'widths': (16, 32, 64), 'kernel_size': 3}  val=0.5080  test=0.5147  (14.3s)
  [40/100] type/cnn2d/cfdac_mag {'widths': (16, 32, 64), 'kernel_size': 5}  val=0.5120  test=0.5107  (21.1s)
>>> loading cfdac_magphase ...
    shape = (10000, 2, 128, 128), mem = 1.31 GB
