plan: 140 cells (existing cells skipped)
>>> loading cfdac_real ...
    shape = (10000, 1, 128, 128), mem = 0.66 GB
  [1] binary/cnn/cfdac_real {'widths': (32, 64, 128), 'kernel_size': 7}  val=0.8047  test=0.8080  (11.1s)
  [2] binary/mlp/cfdac_real {'hidden': (256, 128, 64), 'lr': 0.001}  val=0.9193  test=0.9207  (12.0s)
  [3] binary/rf/cfdac_real {'n_estimators': 200, 'max_depth': None}  val=0.8680  test=0.8807  (33.3s)
  [4] binary/transformer/cfdac_real {'d_model': 48, 'n_layers': 2}  val=0.8000  test=0.8000  (8.3s)
  [5] binary/xgb/cfdac_real {'n_estimators': 200, 'max_depth': 6}  val=0.8907  test=0.8987  (197.2s)
  [6] col_location/cnn/cfdac_real {'widths': (32, 64, 128), 'kernel_size': 7}  val=0.4595  test=0.4533  (5.8s)
  [7] col_location/mlp/cfdac_real {'hidden': (256, 128, 64), 'lr': 0.001}  val=0.4939  test=0.4911  (7.8s)
  [8] col_location/rf/cfdac_real {'n_estimators': 200, 'max_depth': None}  val=0.4617  test=0.4833  (20.3s)
  [9] col_location/transformer/cfdac_real {'d_model': 48, 'n_layers': 2}  val=0.3529  test=0.3667  (5.0s)
  [10] mass_location/cnn/cfdac_real {'widths': (32, 64, 128), 'kernel_size': 7}  val=0.9800  test=0.9600  (1.8s)
  [11] mass_location/mlp/cfdac_real {'hidden': (256, 128, 64), 'lr': 0.001}  val=0.9967  test=0.9800  (2.2s)
  [12] mass_location/rf/cfdac_real {'n_estimators': 200, 'max_depth': None}  val=0.9967  test=0.9833  (3.2s)
  [13] mass_location/transformer/cfdac_real {'d_model': 48, 'n_layers': 2}  val=0.4600  test=0.4600  (1.6s)
  [14] severity/cnn/cfdac_real {'widths': (32, 64, 128), 'kernel_size': 7}  val=0.2824  test=0.2406  (7.2s)
  [15] severity/mlp/cfdac_real {'hidden': (256, 128, 64), 'lr': 0.001}  val=0.2154  test=0.1649  (8.5s)
  [16] severity/xgb/cfdac_real {'n_estimators': 200, 'max_depth': 6}  val=0.4412  test=0.4172  (213.0s)
  [17] type/cnn/cfdac_real {'widths': (32, 64, 128), 'kernel_size': 7}  val=0.7047  test=0.6973  (9.1s)
  [18] type/mlp/cfdac_real {'hidden': (256, 128, 64), 'lr': 0.001}  val=0.7740  test=0.7793  (11.5s)
  [19] type/rf/cfdac_real {'n_estimators': 200, 'max_depth': None}  val=0.7407  test=0.7427  (60.5s)
  [20] type/transformer/cfdac_real {'d_model': 48, 'n_layers': 2}  val=0.5933  test=0.5767  (8.0s)
>>> loading cfdac_imag ...
    shape = (10000, 1, 128, 128), mem = 0.66 GB
  [21] binary/cnn/cfdac_imag {'widths': (32, 64, 128), 'kernel_size': 7}  val=0.8800  test=0.8720  (9.8s)
  [22] binary/mlp/cfdac_imag {'hidden': (256, 128, 64), 'lr': 0.001}  val=0.8853  test=0.8980  (10.9s)
  [23] binary/rf/cfdac_imag {'n_estimators': 200, 'max_depth': None}  val=0.8447  test=0.8587  (35.5s)
  [24] binary/transformer/cfdac_imag {'d_model': 48, 'n_layers': 2}  val=0.8020  test=0.8007  (9.2s)
  [25] binary/xgb/cfdac_imag {'n_estimators': 200, 'max_depth': 6}  val=0.8947  test=0.8973  (199.1s)
  [26] col_location/cnn/cfdac_imag {'widths': (32, 64, 128), 'kernel_size': 7}  val=0.4628  test=0.5178  (5.3s)
  [27] col_location/mlp/cfdac_imag {'hidden': (256, 128, 64), 'lr': 0.001}  val=0.4728  test=0.4400  (6.0s)
  [28] col_location/rf/cfdac_imag {'n_estimators': 200, 'max_depth': None}  val=0.4972  test=0.4767  (19.4s)
  [29] col_location/transformer/cfdac_imag {'d_model': 48, 'n_layers': 2}  val=0.4284  test=0.4300  (5.4s)
  [30] mass_location/cnn/cfdac_imag {'widths': (32, 64, 128), 'kernel_size': 7}  val=0.9600  test=0.9500  (1.9s)
  [31] mass_location/mlp/cfdac_imag {'hidden': (256, 128, 64), 'lr': 0.001}  val=0.9800  test=0.9667  (2.0s)
  [32] mass_location/rf/cfdac_imag {'n_estimators': 200, 'max_depth': None}  val=0.9900  test=0.9833  (3.6s)
  [33] mass_location/transformer/cfdac_imag {'d_model': 48, 'n_layers': 2}  val=0.7700  test=0.7933  (1.7s)
  [34] severity/cnn/cfdac_imag {'widths': (32, 64, 128), 'kernel_size': 7}  val=0.2812  test=0.2681  (8.0s)
  [35] severity/mlp/cfdac_imag {'hidden': (256, 128, 64), 'lr': 0.001}  val=0.1707  test=0.1242  (8.9s)
