loading synth labels + scalers …
experimental: 680 cases
artefacts: 189
  loading exp feature: cfdac
  binary_cnn2d_cfdac                                      accuracy=0.894  n=680
  loading exp feature: cfdac_imag
  binary_cnn2d_cfdac_imag                                 accuracy=0.841  n=680
  loading exp feature: cfdac_mag
  binary_cnn2d_cfdac_mag                                  accuracy=0.941  n=680
  loading exp feature: cfdac_magphase
  binary_cnn2d_cfdac_magphase                             accuracy=0.940  n=680
  loading exp feature: cfdac_phase
  binary_cnn2d_cfdac_phase                                accuracy=0.871  n=680
  loading exp feature: cfdac_real
  binary_cnn2d_cfdac_real                                 accuracy=0.879  n=680
  loading exp feature: cfdac_all
  FAIL binary_cnn_cfdac_all: Error(s) in loading state_dict for Conv1DStack:
	size mismatch for features.0.weight: copying a param with shape torch.Size([32, 512, 7]) from checkpoint, the shape in current model is torch.Size([32, 128, 7]).
  FAIL binary_cnn_cfdac_imag: Expected 2D (unbatched) or 3D (batched) input to conv1d, but got input of size: [680, 1, 128, 128]
  FAIL binary_cnn_cfdac_mag: Expected 2D (unbatched) or 3D (batched) input to conv1d, but got input of size: [680, 1, 128, 128]
  FAIL binary_cnn_cfdac_magphase: Error(s) in loading state_dict for Conv1DStack:
	size mismatch for features.0.weight: copying a param with shape torch.Size([32, 256, 7]) from checkpoint, the shape in current model is torch.Size([32, 128, 7]).
  FAIL binary_cnn_cfdac_phase: Expected 2D (unbatched) or 3D (batched) input to conv1d, but got input of size: [680, 1, 128, 128]
  FAIL binary_cnn_cfdac_real: Expected 2D (unbatched) or 3D (batched) input to conv1d, but got input of size: [680, 1, 128, 128]
  loading exp feature: cfdac_realimag
  FAIL binary_cnn_cfdac_realimag: Error(s) in loading state_dict for Conv1DStack:
	size mismatch for features.0.weight: copying a param with shape torch.Size([32, 256, 7]) from checkpoint, the shape in current model is torch.Size([32, 128, 7]).
  loading exp feature: frf_mag
  binary_cnn_frf_mag                                      accuracy=0.940  n=680
  loading exp feature: timeseries
  binary_cnn_timeseries                                   accuracy=0.469  n=680
  binary_mlp_cfdac_all                                    accuracy=0.934  n=680
  binary_mlp_cfdac_imag                                   accuracy=0.847  n=680
  binary_mlp_cfdac_mag                                    accuracy=0.941  n=680
  binary_mlp_cfdac_magphase                               accuracy=0.825  n=680
  binary_mlp_cfdac_phase                                  accuracy=0.816  n=680
  binary_mlp_cfdac_real                                   accuracy=0.940  n=680
  binary_mlp_cfdac_realimag                               accuracy=0.940  n=680
  loading exp feature: modal
  binary_mlp_modal                                        accuracy=0.941  n=680
  binary_rf_cfdac_all                                     accuracy=0.890  n=680
  binary_rf_cfdac_imag                                    accuracy=0.668  n=680
  binary_rf_cfdac_mag                                     accuracy=0.844  n=680
  binary_rf_cfdac_magphase                                accuracy=0.846  n=680
  binary_rf_cfdac_phase                                   accuracy=0.707  n=680
  binary_rf_cfdac_real                                    accuracy=0.900  n=680
  binary_rf_cfdac_realimag                                accuracy=0.921  n=680
  binary_rf_modal                                         accuracy=0.941  n=680
  FAIL binary_transformer_cfdac_all: Error(s) in loading state_dict for SmallTransformer:
	size mismatch for proj.weight: copying a param with shape torch.Size([48, 512, 16]) from checkpoint, the shape in current model is torch.Size([48, 128, 16]).
  FAIL binary_transformer_cfdac_imag: Expected 2D (unbatched) or 3D (batched) input to conv1d, but got input of size: [680, 1, 128, 128]
  FAIL binary_transformer_cfdac_mag: Expected 2D (unbatched) or 3D (batched) input to conv1d, but got input of size: [680, 1, 128, 128]
  FAIL binary_transformer_cfdac_magphase: Error(s) in loading state_dict for SmallTransformer:
	size mismatch for proj.weight: copying a param with shape torch.Size([48, 256, 16]) from checkpoint, the shape in current model is torch.Size([48, 128, 16]).
  FAIL binary_transformer_cfdac_phase: Expected 2D (unbatched) or 3D (batched) input to conv1d, but got input of size: [680, 1, 128, 128]
  FAIL binary_transformer_cfdac_real: Expected 2D (unbatched) or 3D (batched) input to conv1d, but got input of size: [680, 1, 128, 128]
  FAIL binary_transformer_cfdac_realimag: Error(s) in loading state_dict for SmallTransformer:
	size mismatch for proj.weight: copying a param with shape torch.Size([48, 256, 16]) from checkpoint, the shape in current model is torch.Size([48, 128, 16]).
  binary_transformer_frf_mag                              accuracy=0.941  n=680
  binary_transformer_timeseries                           accuracy=0.788  n=680
  binary_xgb_cfdac_imag                                   accuracy=0.941  n=680
  binary_xgb_cfdac_mag                                    accuracy=0.941  n=680
  binary_xgb_cfdac_magphase                               accuracy=0.941  n=680
  binary_xgb_cfdac_phase                                  accuracy=0.941  n=680
  binary_xgb_cfdac_real                                   accuracy=0.941  n=680
  binary_xgb_cfdac_realimag                               accuracy=0.941  n=680
  binary_xgb_modal                                        accuracy=0.941  n=680
  col_location_cnn2d_cfdac                                accuracy=0.000  n=480
  col_location_cnn2d_cfdac_imag                           accuracy=0.115  n=480
  col_location_cnn2d_cfdac_mag                            accuracy=0.175  n=480
  col_location_cnn2d_cfdac_magphase                       accuracy=0.173  n=480
  col_location_cnn2d_cfdac_phase                          accuracy=0.113  n=480
  col_location_cnn2d_cfdac_real                           accuracy=0.196  n=480
  FAIL col_location_cnn_cfdac_imag: Expected 2D (unbatched) or 3D (batched) input to conv1d, but got input of size: [480, 1, 128, 128]
  FAIL col_location_cnn_cfdac_mag: Expected 2D (unbatched) or 3D (batched) input to conv1d, but got input of size: [480, 1, 128, 128]
  FAIL col_location_cnn_cfdac_magphase: Error(s) in loading state_dict for Conv1DStack:
	size mismatch for features.0.weight: copying a param with shape torch.Size([32, 256, 7]) from checkpoint, the shape in current model is torch.Size([32, 128, 7]).
  FAIL col_location_cnn_cfdac_phase: Expected 2D (unbatched) or 3D (batched) input to conv1d, but got input of size: [480, 1, 128, 128]
  FAIL col_location_cnn_cfdac_real: Expected 2D (unbatched) or 3D (batched) input to conv1d, but got input of size: [480, 1, 128, 128]
  FAIL col_location_cnn_cfdac_realimag: Error(s) in loading state_dict for Conv1DStack:
	size mismatch for features.0.weight: copying a param with shape torch.Size([32, 256, 7]) from checkpoint, the shape in current model is torch.Size([32, 128, 7]).
  col_location_cnn_frf_mag                                accuracy=0.235  n=480
  col_location_cnn_timeseries                             accuracy=0.212  n=480
  col_location_mlp_cfdac_imag                             accuracy=0.177  n=480
  col_location_mlp_cfdac_mag                              accuracy=0.340  n=480
  col_location_mlp_cfdac_magphase                         accuracy=0.229  n=480
  col_location_mlp_cfdac_phase                            accuracy=0.183  n=480
  col_location_mlp_cfdac_real                             accuracy=0.300  n=480
  col_location_mlp_cfdac_realimag                         accuracy=0.098  n=480
  col_location_mlp_modal                                  accuracy=0.115  n=480
  col_location_rf_cfdac_imag                              accuracy=0.121  n=480
  col_location_rf_cfdac_mag                               accuracy=0.158  n=480
  col_location_rf_cfdac_magphase                          accuracy=0.200  n=480
  col_location_rf_cfdac_phase                             accuracy=0.150  n=480
  col_location_rf_cfdac_real                              accuracy=0.227  n=480
  col_location_rf_cfdac_realimag                          accuracy=0.250  n=480
  col_location_rf_modal                                   accuracy=0.075  n=480
  FAIL col_location_transformer_cfdac_imag: Expected 2D (unbatched) or 3D (batched) input to conv1d, but got input of size: [480, 1, 128, 128]
  FAIL col_location_transformer_cfdac_mag: Expected 2D (unbatched) or 3D (batched) input to conv1d, but got input of size: [480, 1, 128, 128]
  FAIL col_location_transformer_cfdac_magphase: Error(s) in loading state_dict for SmallTransformer:
	size mismatch for proj.weight: copying a param with shape torch.Size([48, 256, 16]) from checkpoint, the shape in current model is torch.Size([48, 128, 16]).
  FAIL col_location_transformer_cfdac_phase: Expected 2D (unbatched) or 3D (batched) input to conv1d, but got input of size: [480, 1, 128, 128]
  FAIL col_location_transformer_cfdac_real: Expected 2D (unbatched) or 3D (batched) input to conv1d, but got input of size: [480, 1, 128, 128]
  FAIL col_location_transformer_cfdac_realimag: Error(s) in loading state_dict for SmallTransformer:
	size mismatch for proj.weight: copying a param with shape torch.Size([48, 256, 16]) from checkpoint, the shape in current model is torch.Size([48, 128, 16]).
  col_location_transformer_frf_mag                        accuracy=0.152  n=480
  col_location_transformer_timeseries                     accuracy=0.090  n=480
  col_location_xgb_modal                                  accuracy=0.096  n=480
  mass_location_cnn2d_cfdac                               accuracy=0.250  n=160
  mass_location_cnn2d_cfdac_imag                          accuracy=0.250  n=160
  mass_location_cnn2d_cfdac_mag                           accuracy=0.250  n=160
  mass_location_cnn2d_cfdac_magphase                      accuracy=0.562  n=160
  mass_location_cnn2d_cfdac_phase                         accuracy=0.338  n=160
  mass_location_cnn2d_cfdac_real                          accuracy=0.163  n=160
  FAIL mass_location_cnn_cfdac_imag: Expected 2D (unbatched) or 3D (batched) input to conv1d, but got input of size: [160, 1, 128, 128]
  FAIL mass_location_cnn_cfdac_mag: Expected 2D (unbatched) or 3D (batched) input to conv1d, but got input of size: [160, 1, 128, 128]
  FAIL mass_location_cnn_cfdac_magphase: Error(s) in loading state_dict for Conv1DStack:
	size mismatch for features.0.weight: copying a param with shape torch.Size([32, 256, 7]) from checkpoint, the shape in current model is torch.Size([32, 128, 7]).
  FAIL mass_location_cnn_cfdac_phase: Expected 2D (unbatched) or 3D (batched) input to conv1d, but got input of size: [160, 1, 128, 128]
  FAIL mass_location_cnn_cfdac_real: Expected 2D (unbatched) or 3D (batched) input to conv1d, but got input of size: [160, 1, 128, 128]
  FAIL mass_location_cnn_cfdac_realimag: Error(s) in loading state_dict for Conv1DStack:
	size mismatch for features.0.weight: copying a param with shape torch.Size([32, 256, 7]) from checkpoint, the shape in current model is torch.Size([32, 128, 7]).
  mass_location_cnn_frf_mag                               accuracy=0.250  n=160
  mass_location_cnn_timeseries                            accuracy=0.237  n=160
  mass_location_mlp_cfdac_imag                            accuracy=0.344  n=160
  mass_location_mlp_cfdac_mag                             accuracy=0.481  n=160
  mass_location_mlp_cfdac_magphase                        accuracy=0.325  n=160
  mass_location_mlp_cfdac_phase                           accuracy=0.075  n=160
  mass_location_mlp_cfdac_real                            accuracy=0.075  n=160
  mass_location_mlp_cfdac_realimag                        accuracy=0.250  n=160
  mass_location_mlp_modal                                 accuracy=0.094  n=160
  mass_location_rf_cfdac_imag                             accuracy=0.188  n=160
  mass_location_rf_cfdac_mag                              accuracy=0.250  n=160
  mass_location_rf_cfdac_magphase                         accuracy=0.250  n=160
  mass_location_rf_cfdac_phase                            accuracy=0.194  n=160
  mass_location_rf_cfdac_real                             accuracy=0.250  n=160
  mass_location_rf_cfdac_realimag                         accuracy=0.250  n=160
  mass_location_rf_modal                                  accuracy=0.250  n=160
  FAIL mass_location_transformer_cfdac_imag: Expected 2D (unbatched) or 3D (batched) input to conv1d, but got input of size: [160, 1, 128, 128]
  FAIL mass_location_transformer_cfdac_mag: Expected 2D (unbatched) or 3D (batched) input to conv1d, but got input of size: [160, 1, 128, 128]
  FAIL mass_location_transformer_cfdac_magphase: Error(s) in loading state_dict for SmallTransformer:
	size mismatch for proj.weight: copying a param with shape torch.Size([48, 256, 16]) from checkpoint, the shape in current model is torch.Size([48, 128, 16]).
  FAIL mass_location_transformer_cfdac_phase: Expected 2D (unbatched) or 3D (batched) input to conv1d, but got input of size: [160, 1, 128, 128]
  FAIL mass_location_transformer_cfdac_real: Expected 2D (unbatched) or 3D (batched) input to conv1d, but got input of size: [160, 1, 128, 128]
  FAIL mass_location_transformer_cfdac_realimag: Error(s) in loading state_dict for SmallTransformer:
	size mismatch for proj.weight: copying a param with shape torch.Size([48, 256, 16]) from checkpoint, the shape in current model is torch.Size([48, 128, 16]).
  mass_location_transformer_frf_mag                       accuracy=0.250  n=160
  mass_location_transformer_timeseries                    accuracy=0.269  n=160
  mass_location_xgb_modal                                 accuracy=0.000  n=160
  severity_cnn2d_cfdac                                    R2=-0.290  n=640  MAE=0.250
  severity_cnn2d_cfdac_imag                               R2=-0.355  n=640  MAE=0.246
  severity_cnn2d_cfdac_mag                                R2=-0.147  n=640  MAE=0.221
  severity_cnn2d_cfdac_magphase                           R2=-0.114  n=640  MAE=0.211
  severity_cnn2d_cfdac_phase                              R2=-0.478  n=640  MAE=0.280
  severity_cnn2d_cfdac_real                               R2=-0.195  n=640  MAE=0.227
  FAIL severity_cnn_cfdac_imag: Expected 2D (unbatched) or 3D (batched) input to conv1d, but got input of size: [640, 1, 128, 128]
  FAIL severity_cnn_cfdac_mag: Expected 2D (unbatched) or 3D (batched) input to conv1d, but got input of size: [640, 1, 128, 128]
  FAIL severity_cnn_cfdac_magphase: Error(s) in loading state_dict for Conv1DStack:
	size mismatch for features.0.weight: copying a param with shape torch.Size([32, 256, 7]) from checkpoint, the shape in current model is torch.Size([32, 128, 7]).
  FAIL severity_cnn_cfdac_phase: Expected 2D (unbatched) or 3D (batched) input to conv1d, but got input of size: [640, 1, 128, 128]
  FAIL severity_cnn_cfdac_real: Expected 2D (unbatched) or 3D (batched) input to conv1d, but got input of size: [640, 1, 128, 128]
  FAIL severity_cnn_cfdac_realimag: Error(s) in loading state_dict for Conv1DStack:
	size mismatch for features.0.weight: copying a param with shape torch.Size([32, 256, 7]) from checkpoint, the shape in current model is torch.Size([32, 128, 7]).
  severity_cnn_frf_mag                                    R2=-2.822  n=640  MAE=0.466
  severity_cnn_timeseries                                 R2=-12.053  n=640  MAE=0.860
  severity_mlp_cfdac_imag                                 R2=-3.518  n=640  MAE=0.519
  severity_mlp_cfdac_mag                                  R2=-0.731  n=640  MAE=0.279
  severity_mlp_cfdac_magphase                             R2=-2.386  n=640  MAE=0.441
  severity_mlp_cfdac_phase                                R2=-0.889  n=640  MAE=0.316
  severity_mlp_cfdac_real                                 R2=-1.462  n=640  MAE=0.357
  severity_mlp_cfdac_realimag                             R2=-1.326  n=640  MAE=0.359
  severity_mlp_modal                                      R2=-34.088  n=640  MAE=1.546
  severity_rf_modal                                       R2=-0.118  n=640  MAE=0.229
  severity_transformer_frf_mag                            R2=-0.137  n=640  MAE=0.216
  severity_transformer_timeseries                         R2=-0.174  n=640  MAE=0.222
  severity_xgb_cfdac_imag                                 R2=0.043  n=640  MAE=0.210
  severity_xgb_cfdac_mag                                  R2=-0.024  n=640  MAE=0.216
  severity_xgb_cfdac_magphase                             R2=-0.123  n=640  MAE=0.230
  severity_xgb_cfdac_phase                                R2=-0.843  n=640  MAE=0.315
  severity_xgb_cfdac_real                                 R2=-0.200  n=640  MAE=0.248
  severity_xgb_cfdac_realimag                             R2=-0.409  n=640  MAE=0.261
  severity_xgb_modal                                      R2=-0.020  n=640  MAE=0.218
  type_cnn2d_cfdac                                        accuracy=0.319  n=680
  type_cnn2d_cfdac_imag                                   accuracy=0.337  n=680
  type_cnn2d_cfdac_mag                                    accuracy=0.310  n=680
  type_cnn2d_cfdac_magphase                               accuracy=0.276  n=680
  type_cnn2d_cfdac_phase                                  accuracy=0.241  n=680
  type_cnn2d_cfdac_real                                   accuracy=0.303  n=680
  FAIL type_cnn_cfdac_imag: Expected 2D (unbatched) or 3D (batched) input to conv1d, but got input of size: [680, 1, 128, 128]
  FAIL type_cnn_cfdac_mag: Expected 2D (unbatched) or 3D (batched) input to conv1d, but got input of size: [680, 1, 128, 128]
  FAIL type_cnn_cfdac_magphase: Error(s) in loading state_dict for Conv1DStack:
	size mismatch for features.0.weight: copying a param with shape torch.Size([32, 256, 7]) from checkpoint, the shape in current model is torch.Size([32, 128, 7]).
  FAIL type_cnn_cfdac_phase: Expected 2D (unbatched) or 3D (batched) input to conv1d, but got input of size: [680, 1, 128, 128]
  FAIL type_cnn_cfdac_real: Expected 2D (unbatched) or 3D (batched) input to conv1d, but got input of size: [680, 1, 128, 128]
  FAIL type_cnn_cfdac_realimag: Error(s) in loading state_dict for Conv1DStack:
	size mismatch for features.0.weight: copying a param with shape torch.Size([32, 256, 7]) from checkpoint, the shape in current model is torch.Size([32, 128, 7]).
  type_cnn_frf_mag                                        accuracy=0.190  n=680
  type_cnn_timeseries                                     accuracy=0.321  n=680
  type_mlp_cfdac_imag                                     accuracy=0.182  n=680
  type_mlp_cfdac_mag                                      accuracy=0.240  n=680
  type_mlp_cfdac_magphase                                 accuracy=0.321  n=680
  type_mlp_cfdac_phase                                    accuracy=0.321  n=680
  type_mlp_cfdac_real                                     accuracy=0.219  n=680
  type_mlp_cfdac_realimag                                 accuracy=0.300  n=680
  type_mlp_modal                                          accuracy=0.235  n=680
  type_rf_cfdac_imag                                      accuracy=0.235  n=680
  type_rf_cfdac_mag                                       accuracy=0.362  n=680
  type_rf_cfdac_magphase                                  accuracy=0.350  n=680
  type_rf_cfdac_phase                                     accuracy=0.296  n=680
  type_rf_cfdac_real                                      accuracy=0.326  n=680
  type_rf_cfdac_realimag                                  accuracy=0.337  n=680
  type_rf_modal                                           accuracy=0.207  n=680
  FAIL type_transformer_cfdac_imag: Expected 2D (unbatched) or 3D (batched) input to conv1d, but got input of size: [680, 1, 128, 128]
  FAIL type_transformer_cfdac_mag: Expected 2D (unbatched) or 3D (batched) input to conv1d, but got input of size: [680, 1, 128, 128]
  FAIL type_transformer_cfdac_magphase: Error(s) in loading state_dict for SmallTransformer:
	size mismatch for proj.weight: copying a param with shape torch.Size([48, 256, 16]) from checkpoint, the shape in current model is torch.Size([48, 128, 16]).
  FAIL type_transformer_cfdac_phase: Expected 2D (unbatched) or 3D (batched) input to conv1d, but got input of size: [680, 1, 128, 128]
  FAIL type_transformer_cfdac_real: Expected 2D (unbatched) or 3D (batched) input to conv1d, but got input of size: [680, 1, 128, 128]
  FAIL type_transformer_cfdac_realimag: Error(s) in loading state_dict for SmallTransformer:
	size mismatch for proj.weight: copying a param with shape torch.Size([48, 256, 16]) from checkpoint, the shape in current model is torch.Size([48, 128, 16]).
  type_transformer_frf_mag                                accuracy=0.262  n=680
  type_transformer_timeseries                             accuracy=0.197  n=680
  type_xgb_modal                                          accuracy=0.231  n=680

Wrote experimental_full_evaluation.json (133 rows) and experimental_full_per_case.json (71440 rows)
evaluating indicator predictors on full experimental set …
  640 damage cases
  loading exp feature: modal
    AIGAC         /mlp  /modal           R²=-237.652  MAE=2.312
    AIGAC         /rf   /modal           R²=0.253  MAE=0.098
    AIGAC         /xgb  /modal           R²=0.168  MAE=0.116
    DRQ           /mlp  /modal           R²=-0.882  MAE=0.245
    DRQ           /rf   /modal           R²=0.028  MAE=0.181
    DRQ           /xgb  /modal           R²=0.794  MAE=0.065
    FRFRMS        /mlp  /modal           R²=-1.836  MAE=0.892
    FRFRMS        /rf   /modal           R²=-1.123  MAE=0.686
    FRFRMS        /xgb  /modal           R²=-1.122  MAE=0.702
    FRFSF         /mlp  /modal           R²=-2295.521  MAE=2.543
    FRFSF         /rf   /modal           R²=-15.713  MAE=0.217
    FRFSF         /xgb  /modal           R²=-14.683  MAE=0.211
    FRFSM_6dB     /mlp  /modal           R²=-644.995  MAE=4.062
    FRFSM_6dB     /rf   /modal           R²=-1.354  MAE=0.192
    FRFSM_6dB     /xgb  /modal           R²=-1.349  MAE=0.193
    GAC_max       /mlp  /modal           R²=-117.374  MAE=1.370
    GAC_max       /rf   /modal           R²=0.244  MAE=0.102
    GAC_max       /xgb  /modal           R²=0.412  MAE=0.081
    GAC_mean      /mlp  /modal           R²=-25.283  MAE=0.734
    GAC_mean      /rf   /modal           R²=0.253  MAE=0.098
    GAC_mean      /xgb  /modal           R²=0.168  MAE=0.116
    GAC_min       /mlp  /modal           R²=-0.535  MAE=0.130
    GAC_min       /rf   /modal           R²=0.109  MAE=0.089
    GAC_min       /xgb  /modal           R²=-0.402  MAE=0.163
    GAC_std       /mlp  /modal           R²=-66.739  MAE=0.227
    GAC_std       /rf   /modal           R²=-0.579  MAE=0.027
    GAC_std       /xgb  /modal           R²=-0.185  MAE=0.021
    M2L_abs_sum   /mlp  /modal           R²=-24.769  MAE=11.031
    M2L_abs_sum   /rf   /modal           R²=0.896  MAE=0.582
    M2L_abs_sum   /xgb  /modal           R²=0.874  MAE=0.675
    M2L_max       /mlp  /modal           R²=-5.736  MAE=0.799
    M2L_max       /rf   /modal           R²=0.187  MAE=0.248
    M2L_max       /xgb  /modal           R²=0.349  MAE=0.232
    M2L_mean      /mlp  /modal           R²=-2.842  MAE=0.495
    M2L_mean      /rf   /modal           R²=0.777  MAE=0.095
    M2L_mean      /xgb  /modal           R²=0.748  MAE=0.111
    M2L_min       /mlp  /modal           R²=-0.676  MAE=0.436
    M2L_min       /rf   /modal           R²=0.057  MAE=0.192
    M2L_min       /xgb  /modal           R²=0.099  MAE=0.170
    M2L_std       /mlp  /modal           R²=-1.022  MAE=0.127
    M2L_std       /rf   /modal           R²=-1.557  MAE=0.121
    M2L_std       /xgb  /modal           R²=-1.294  MAE=0.112
    ODS_diff      /mlp  /modal           R²=-20.882  MAE=497.519
    ODS_diff      /rf   /modal           R²=-0.318  MAE=92.871
    ODS_diff      /xgb  /modal           R²=-0.459  MAE=102.537
    RVAC_max      /mlp  /modal           R²=-1.637  MAE=0.270
    RVAC_max      /rf   /modal           R²=-0.307  MAE=0.187
    RVAC_max      /xgb  /modal           R²=0.787  MAE=0.069
    RVAC_mean     /mlp  /modal           R²=-0.304  MAE=0.211
    RVAC_mean     /rf   /modal           R²=0.028  MAE=0.181
    RVAC_mean     /xgb  /modal           R²=0.794  MAE=0.065
    RVAC_min      /mlp  /modal           R²=-1.903  MAE=0.369
    RVAC_min      /rf   /modal           R²=0.367  MAE=0.158
    RVAC_min      /xgb  /modal           R²=0.731  MAE=0.078
    RVAC_std      /mlp  /modal           R²=-3.675  MAE=0.057
    RVAC_std      /rf   /modal           R²=-0.254  MAE=0.035
    RVAC_std      /xgb  /modal           R²=-0.246  MAE=0.035
    SCI           /mlp  /modal           R²=-2.454  MAE=0.519
    SCI           /rf   /modal           R²=-0.162  MAE=0.155
    SCI           /xgb  /modal           R²=-0.468  MAE=0.300
    r2_imag       /mlp  /modal           R²=-0.427  MAE=0.737
    r2_imag       /rf   /modal           R²=-1.021  MAE=1.036
    r2_imag       /xgb  /modal           R²=-1.142  MAE=1.087
    unsigned_SCI  /mlp  /modal           R²=0.190  MAE=0.156
    unsigned_SCI  /rf   /modal           R²=-0.558  MAE=0.306
    unsigned_SCI  /xgb  /modal           R²=0.139  MAE=0.174

Wrote indicator_predictions_full.json (66 rows)

--- $ /usr/local/bin/python ml_pipeline/evaluate_full_experimental.py --syn /home/user/PhD_LANL/dataset/features_noisy_20dB.h5 --exp /home/user/PhD_LANL/dataset/experimental_features_balanced.h5 --out /home/user/PhD_LANL/results/noisy_20dB/balanced
