plan: 140 cells (existing cells skipped)
>>> loading cfdac_real ...
    shape = (10000, 1, 128, 128), mem = 0.66 GB
  [1] binary/cnn/cfdac_real {'widths': (32, 64, 128), 'kernel_size': 7}  val=0.8573  test=0.8433  (11.5s)
  [2] binary/mlp/cfdac_real {'hidden': (256, 128, 64), 'lr': 0.001}  val=0.8927  test=0.9033  (17.5s)
  [3] binary/rf/cfdac_real {'n_estimators': 200, 'max_depth': None}  val=0.8353  test=0.8413  (41.7s)
  [4] binary/transformer/cfdac_real {'d_model': 48, 'n_layers': 2}  val=0.8000  test=0.8000  (11.4s)
  [5] binary/xgb/cfdac_real {'n_estimators': 200, 'max_depth': 6}  val=0.8513  test=0.8687  (350.1s)
  [6] col_location/cnn/cfdac_real {'widths': (32, 64, 128), 'kernel_size': 7}  val=0.4684  test=0.4556  (5.8s)
  [7] col_location/mlp/cfdac_real {'hidden': (256, 128, 64), 'lr': 0.001}  val=0.4817  test=0.4656  (7.1s)
  [8] col_location/rf/cfdac_real {'n_estimators': 200, 'max_depth': None}  val=0.4684  test=0.4833  (22.4s)
  [9] col_location/transformer/cfdac_real {'d_model': 48, 'n_layers': 2}  val=0.2986  test=0.3000  (7.9s)
  [10] mass_location/cnn/cfdac_real {'widths': (32, 64, 128), 'kernel_size': 7}  val=0.9667  test=0.9433  (2.2s)
  [11] mass_location/mlp/cfdac_real {'hidden': (256, 128, 64), 'lr': 0.001}  val=0.9933  test=0.9700  (4.5s)
  [12] mass_location/rf/cfdac_real {'n_estimators': 200, 'max_depth': None}  val=0.9800  test=0.9767  (4.2s)
  [13] mass_location/transformer/cfdac_real {'d_model': 48, 'n_layers': 2}  val=0.4633  test=0.4433  (2.6s)
  [14] severity/cnn/cfdac_real {'widths': (32, 64, 128), 'kernel_size': 7}  val=0.2494  test=0.2265  (9.7s)
  [15] severity/mlp/cfdac_real {'hidden': (256, 128, 64), 'lr': 0.001}  val=0.2470  test=0.1839  (14.8s)
  [16] severity/xgb/cfdac_real {'n_estimators': 200, 'max_depth': 6}  val=0.3649  test=0.3462  (353.7s)
  [17] type/cnn/cfdac_real {'widths': (32, 64, 128), 'kernel_size': 7}  val=0.6740  test=0.6813  (10.4s)
  [18] type/mlp/cfdac_real {'hidden': (256, 128, 64), 'lr': 0.001}  val=0.7233  test=0.7360  (16.9s)
  [19] type/rf/cfdac_real {'n_estimators': 200, 'max_depth': None}  val=0.7253  test=0.7307  (60.4s)
  [20] type/transformer/cfdac_real {'d_model': 48, 'n_layers': 2}  val=0.5853  test=0.5793  (11.8s)
>>> loading cfdac_imag ...
    shape = (10000, 1, 128, 128), mem = 0.66 GB
  [21] binary/cnn/cfdac_imag {'widths': (32, 64, 128), 'kernel_size': 7}  val=0.8760  test=0.8593  (10.7s)
  [22] binary/mlp/cfdac_imag {'hidden': (256, 128, 64), 'lr': 0.001}  val=0.8453  test=0.8587  (13.3s)
  [23] binary/rf/cfdac_imag {'n_estimators': 200, 'max_depth': None}  val=0.8213  test=0.8193  (42.9s)
  [24] binary/transformer/cfdac_imag {'d_model': 48, 'n_layers': 2}  val=0.8493  test=0.8527  (12.2s)
  [25] binary/xgb/cfdac_imag {'n_estimators': 200, 'max_depth': 6}  val=0.8553  test=0.8600  (347.0s)
  [26] col_location/cnn/cfdac_imag {'widths': (32, 64, 128), 'kernel_size': 7}  val=0.4584  test=0.4600  (6.0s)
  [27] col_location/mlp/cfdac_imag {'hidden': (256, 128, 64), 'lr': 0.001}  val=0.4806  test=0.4544  (8.6s)
  [28] col_location/rf/cfdac_imag {'n_estimators': 200, 'max_depth': None}  val=0.5117  test=0.4700  (22.7s)
  [29] col_location/transformer/cfdac_imag {'d_model': 48, 'n_layers': 2}  val=0.4107  test=0.4033  (6.9s)
  [30] mass_location/cnn/cfdac_imag {'widths': (32, 64, 128), 'kernel_size': 7}  val=0.9367  test=0.9433  (1.9s)
  [31] mass_location/mlp/cfdac_imag {'hidden': (256, 128, 64), 'lr': 0.001}  val=0.9667  test=0.9467  (2.6s)
  [32] mass_location/rf/cfdac_imag {'n_estimators': 200, 'max_depth': None}  val=0.9900  test=0.9700  (4.3s)
  [33] mass_location/transformer/cfdac_imag {'d_model': 48, 'n_layers': 2}  val=0.7300  test=0.7567  (2.3s)
  [34] severity/cnn/cfdac_imag {'widths': (32, 64, 128), 'kernel_size': 7}  val=0.2518  test=0.2032  (8.8s)
  [35] severity/mlp/cfdac_imag {'hidden': (256, 128, 64), 'lr': 0.001}  val=0.1581  test=0.1092  (14.1s)
  [36] severity/xgb/cfdac_imag {'n_estimators': 200, 'max_depth': 6}  val=0.3679  test=0.3442  (346.2s)
  [37] type/cnn/cfdac_imag {'widths': (32, 64, 128), 'kernel_size': 7}  val=0.7067  test=0.7100  (9.7s)
  [38] type/mlp/cfdac_imag {'hidden': (256, 128, 64), 'lr': 0.001}  val=0.6887  test=0.6773  (13.9s)
  [39] type/rf/cfdac_imag {'n_estimators': 200, 'max_depth': None}  val=0.7193  test=0.7253  (60.0s)
  [40] type/transformer/cfdac_imag {'d_model': 48, 'n_layers': 2}  val=0.6600  test=0.6500  (11.4s)
>>> loading cfdac_mag ...
    shape = (10000, 1, 128, 128), mem = 0.66 GB
  [41] binary/cnn/cfdac_mag {'widths': (32, 64, 128), 'kernel_size': 7}  val=0.8013  test=0.8007  (9.6s)
  [42] binary/mlp/cfdac_mag {'hidden': (256, 128, 64), 'lr': 0.001}  val=0.8527  test=0.8680  (15.8s)
  [43] binary/rf/cfdac_mag {'n_estimators': 200, 'max_depth': None}  val=0.8127  test=0.8193  (42.4s)
  [44] binary/transformer/cfdac_mag {'d_model': 48, 'n_layers': 2}  val=0.8000  test=0.8000  (10.4s)
  [45] binary/xgb/cfdac_mag {'n_estimators': 200, 'max_depth': 6}  val=0.8573  test=0.8547  (341.4s)
  [46] col_location/cnn/cfdac_mag {'widths': (32, 64, 128), 'kernel_size': 7}  val=0.4351  test=0.4200  (7.0s)
  [47] col_location/mlp/cfdac_mag {'hidden': (256, 128, 64), 'lr': 0.001}  val=0.4928  test=0.4644  (12.8s)
  [48] col_location/rf/cfdac_mag {'n_estimators': 200, 'max_depth': None}  val=0.4706  test=0.4800  (22.9s)
