plan: 25 cells, 100 trials
>>> loading cfdac_imag ...
    shape = (10000, 1, 128, 128), mem = 0.66 GB
  [1/100] binary/cnn2d/cfdac_imag {'widths': (8, 16, 32), 'kernel_size': 3}  val=0.8387  test=0.8440  (13.1s)
  [2/100] binary/cnn2d/cfdac_imag {'widths': (8, 16, 32), 'kernel_size': 5}  val=0.9260  test=0.9253  (13.0s)
  [3/100] binary/cnn2d/cfdac_imag {'widths': (16, 32, 64), 'kernel_size': 3}  val=0.8773  test=0.8747  (17.6s)
  [4/100] binary/cnn2d/cfdac_imag {'widths': (16, 32, 64), 'kernel_size': 5}  val=0.9407  test=0.9307  (19.5s)
  [5/100] col_location/cnn2d/cfdac_imag {'widths': (8, 16, 32), 'kernel_size': 3}  val=0.4650  test=0.4111  (5.9s)
  [6/100] col_location/cnn2d/cfdac_imag {'widths': (8, 16, 32), 'kernel_size': 5}  val=0.3973  test=0.4022  (6.8s)
  [7/100] col_location/cnn2d/cfdac_imag {'widths': (16, 32, 64), 'kernel_size': 3}  val=0.3873  test=0.4533  (9.5s)
  [8/100] col_location/cnn2d/cfdac_imag {'widths': (16, 32, 64), 'kernel_size': 5}  val=0.4406  test=0.4300  (11.6s)
  [9/100] mass_location/cnn2d/cfdac_imag {'widths': (8, 16, 32), 'kernel_size': 3}  val=0.7100  test=0.7700  (1.9s)
  [10/100] mass_location/cnn2d/cfdac_imag {'widths': (8, 16, 32), 'kernel_size': 5}  val=0.8600  test=0.8333  (2.2s)
  [11/100] mass_location/cnn2d/cfdac_imag {'widths': (16, 32, 64), 'kernel_size': 3}  val=0.7667  test=0.7767  (3.1s)
  [12/100] mass_location/cnn2d/cfdac_imag {'widths': (16, 32, 64), 'kernel_size': 5}  val=0.9467  test=0.9133  (3.6s)
  [13/100] severity/cnn2d/cfdac_imag {'widths': (8, 16, 32), 'kernel_size': 3}  val=0.2597  test=0.2275  (8.2s)
  [14/100] severity/cnn2d/cfdac_imag {'widths': (8, 16, 32), 'kernel_size': 5}  val=0.3365  test=0.3159  (9.3s)
  [15/100] severity/cnn2d/cfdac_imag {'widths': (16, 32, 64), 'kernel_size': 3}  val=0.2692  test=0.2394  (13.4s)
  [16/100] severity/cnn2d/cfdac_imag {'widths': (16, 32, 64), 'kernel_size': 5}  val=0.3971  test=0.3801  (16.0s)
  [17/100] type/cnn2d/cfdac_imag {'widths': (8, 16, 32), 'kernel_size': 3}  val=0.6320  test=0.6347  (11.0s)
  [18/100] type/cnn2d/cfdac_imag {'widths': (8, 16, 32), 'kernel_size': 5}  val=0.7320  test=0.7333  (12.4s)
  [19/100] type/cnn2d/cfdac_imag {'widths': (16, 32, 64), 'kernel_size': 3}  val=0.6900  test=0.6987  (16.9s)
  [20/100] type/cnn2d/cfdac_imag {'widths': (16, 32, 64), 'kernel_size': 5}  val=0.7787  test=0.7733  (20.5s)
>>> loading cfdac_mag ...
    shape = (10000, 1, 128, 128), mem = 0.66 GB
  [21/100] binary/cnn2d/cfdac_mag {'widths': (8, 16, 32), 'kernel_size': 3}  val=0.8000  test=0.8000  (11.4s)
  [22/100] binary/cnn2d/cfdac_mag {'widths': (8, 16, 32), 'kernel_size': 5}  val=0.8000  test=0.8000  (12.9s)
  [23/100] binary/cnn2d/cfdac_mag {'widths': (16, 32, 64), 'kernel_size': 3}  val=0.8000  test=0.8000  (17.5s)
  [24/100] binary/cnn2d/cfdac_mag {'widths': (16, 32, 64), 'kernel_size': 5}  val=0.8007  test=0.8007  (21.2s)
  [25/100] col_location/cnn2d/cfdac_mag {'widths': (8, 16, 32), 'kernel_size': 3}  val=0.4584  test=0.4444  (6.4s)
  [26/100] col_location/cnn2d/cfdac_mag {'widths': (8, 16, 32), 'kernel_size': 5}  val=0.4484  test=0.4444  (7.3s)
  [27/100] col_location/cnn2d/cfdac_mag {'widths': (16, 32, 64), 'kernel_size': 3}  val=0.4528  test=0.4522  (9.9s)
  [28/100] col_location/cnn2d/cfdac_mag {'widths': (16, 32, 64), 'kernel_size': 5}  val=0.4650  test=0.4756  (11.8s)
  [29/100] mass_location/cnn2d/cfdac_mag {'widths': (8, 16, 32), 'kernel_size': 3}  val=0.8067  test=0.7933  (1.9s)
  [30/100] mass_location/cnn2d/cfdac_mag {'widths': (8, 16, 32), 'kernel_size': 5}  val=0.8900  test=0.9000  (2.2s)
  [31/100] mass_location/cnn2d/cfdac_mag {'widths': (16, 32, 64), 'kernel_size': 3}  val=0.8333  test=0.8500  (3.0s)
  [32/100] mass_location/cnn2d/cfdac_mag {'widths': (16, 32, 64), 'kernel_size': 5}  val=0.8967  test=0.8967  (3.6s)
  [33/100] severity/cnn2d/cfdac_mag {'widths': (8, 16, 32), 'kernel_size': 3}  val=0.2282  test=0.1852  (8.3s)
  [34/100] severity/cnn2d/cfdac_mag {'widths': (8, 16, 32), 'kernel_size': 5}  val=0.2405  test=0.2124  (9.7s)
  [35/100] severity/cnn2d/cfdac_mag {'widths': (16, 32, 64), 'kernel_size': 3}  val=0.2269  test=0.1975  (12.9s)
  [36/100] severity/cnn2d/cfdac_mag {'widths': (16, 32, 64), 'kernel_size': 5}  val=0.2393  test=0.2123  (15.6s)
  [37/100] type/cnn2d/cfdac_mag {'widths': (8, 16, 32), 'kernel_size': 3}  val=0.4693  test=0.4787  (10.8s)
  [38/100] type/cnn2d/cfdac_mag {'widths': (8, 16, 32), 'kernel_size': 5}  val=0.6600  test=0.6560  (11.7s)
  [39/100] type/cnn2d/cfdac_mag {'widths': (16, 32, 64), 'kernel_size': 3}  val=0.4200  test=0.4473  (15.9s)
  [40/100] type/cnn2d/cfdac_mag {'widths': (16, 32, 64), 'kernel_size': 5}  val=0.6593  test=0.6533  (20.5s)
>>> loading cfdac_magphase ...
    shape = (10000, 2, 128, 128), mem = 1.31 GB
  [41/100] binary/cnn2d/cfdac_magphase {'widths': (8, 16, 32), 'kernel_size': 3}  val=0.8007  test=0.8007  (11.4s)
  [42/100] binary/cnn2d/cfdac_magphase {'widths': (8, 16, 32), 'kernel_size': 5}  val=0.8360  test=0.8587  (13.6s)
  [43/100] binary/cnn2d/cfdac_magphase {'widths': (16, 32, 64), 'kernel_size': 3}  val=0.8753  test=0.8887  (17.8s)
  [44/100] binary/cnn2d/cfdac_magphase {'widths': (16, 32, 64), 'kernel_size': 5}  val=0.8753  test=0.8780  (20.7s)
  [45/100] col_location/cnn2d/cfdac_magphase {'widths': (8, 16, 32), 'kernel_size': 3}  val=0.4395  test=0.4300  (6.6s)
  [46/100] col_location/cnn2d/cfdac_magphase {'widths': (8, 16, 32), 'kernel_size': 5}  val=0.4295  test=0.4711  (7.5s)
  [47/100] col_location/cnn2d/cfdac_magphase {'widths': (16, 32, 64), 'kernel_size': 3}  val=0.4706  test=0.4711  (10.0s)
  [48/100] col_location/cnn2d/cfdac_magphase {'widths': (16, 32, 64), 'kernel_size': 5}  val=0.4528  test=0.4567  (11.8s)
  [49/100] mass_location/cnn2d/cfdac_magphase {'widths': (8, 16, 32), 'kernel_size': 3}  val=0.6267  test=0.6533  (2.0s)
  [50/100] mass_location/cnn2d/cfdac_magphase {'widths': (8, 16, 32), 'kernel_size': 5}  val=0.7533  test=0.8267  (2.3s)
  [51/100] mass_location/cnn2d/cfdac_magphase {'widths': (16, 32, 64), 'kernel_size': 3}  val=0.8367  test=0.8700  (3.0s)
  [52/100] mass_location/cnn2d/cfdac_magphase {'widths': (16, 32, 64), 'kernel_size': 5}  val=0.9167  test=0.9300  (3.9s)
  [53/100] severity/cnn2d/cfdac_magphase {'widths': (8, 16, 32), 'kernel_size': 3}  val=0.2390  test=0.2207  (10.0s)
  [54/100] severity/cnn2d/cfdac_magphase {'widths': (8, 16, 32), 'kernel_size': 5}  val=0.2700  test=0.2604  (11.0s)
  [55/100] severity/cnn2d/cfdac_magphase {'widths': (16, 32, 64), 'kernel_size': 3}  val=0.2466  test=0.2426  (15.0s)
  [56/100] severity/cnn2d/cfdac_magphase {'widths': (16, 32, 64), 'kernel_size': 5}  val=0.3401  test=0.3260  (17.8s)
  [57/100] type/cnn2d/cfdac_magphase {'widths': (8, 16, 32), 'kernel_size': 3}  val=0.5567  test=0.5633  (12.4s)
  [58/100] type/cnn2d/cfdac_magphase {'widths': (8, 16, 32), 'kernel_size': 5}  val=0.6840  test=0.6740  (13.8s)
  [59/100] type/cnn2d/cfdac_magphase {'widths': (16, 32, 64), 'kernel_size': 3}  val=0.6233  test=0.6147  (18.4s)
  [60/100] type/cnn2d/cfdac_magphase {'widths': (16, 32, 64), 'kernel_size': 5}  val=0.7287  test=0.7247  (22.6s)
>>> loading cfdac_phase ...
    shape = (10000, 1, 128, 128), mem = 0.66 GB
  [61/100] binary/cnn2d/cfdac_phase {'widths': (8, 16, 32), 'kernel_size': 3}  val=0.8053  test=0.8093  (12.1s)
  [62/100] binary/cnn2d/cfdac_phase {'widths': (8, 16, 32), 'kernel_size': 5}  val=0.8673  test=0.8740  (13.7s)
  [63/100] binary/cnn2d/cfdac_phase {'widths': (16, 32, 64), 'kernel_size': 3}  val=0.8493  test=0.8620  (17.8s)
  [64/100] binary/cnn2d/cfdac_phase {'widths': (16, 32, 64), 'kernel_size': 5}  val=0.8720  test=0.8840  (20.7s)
  [65/100] col_location/cnn2d/cfdac_phase {'widths': (8, 16, 32), 'kernel_size': 3}  val=0.4073  test=0.4111  (6.4s)
  [66/100] col_location/cnn2d/cfdac_phase {'widths': (8, 16, 32), 'kernel_size': 5}  val=0.4639  test=0.4478  (7.3s)
  [67/100] col_location/cnn2d/cfdac_phase {'widths': (16, 32, 64), 'kernel_size': 3}  val=0.4528  test=0.4711  (9.9s)
  [68/100] col_location/cnn2d/cfdac_phase {'widths': (16, 32, 64), 'kernel_size': 5}  val=0.4917  test=0.4656  (12.6s)
  [69/100] mass_location/cnn2d/cfdac_phase {'widths': (8, 16, 32), 'kernel_size': 3}  val=0.4800  test=0.5167  (2.1s)
  [70/100] mass_location/cnn2d/cfdac_phase {'widths': (8, 16, 32), 'kernel_size': 5}  val=0.8067  test=0.8600  (2.5s)
  [71/100] mass_location/cnn2d/cfdac_phase {'widths': (16, 32, 64), 'kernel_size': 3}  val=0.7333  test=0.7800  (3.2s)
  [72/100] mass_location/cnn2d/cfdac_phase {'widths': (16, 32, 64), 'kernel_size': 5}  val=0.8567  test=0.8633  (3.9s)
  [73/100] severity/cnn2d/cfdac_phase {'widths': (8, 16, 32), 'kernel_size': 3}  val=0.2604  test=0.2181  (9.5s)
  [74/100] severity/cnn2d/cfdac_phase {'widths': (8, 16, 32), 'kernel_size': 5}  val=0.2553  test=0.2367  (10.6s)
  [75/100] severity/cnn2d/cfdac_phase {'widths': (16, 32, 64), 'kernel_size': 3}  val=0.2265  test=0.1946  (14.6s)
  [76/100] severity/cnn2d/cfdac_phase {'widths': (16, 32, 64), 'kernel_size': 5}  val=0.2301  test=0.2520  (17.0s)
  [77/100] type/cnn2d/cfdac_phase {'widths': (8, 16, 32), 'kernel_size': 3}  val=0.5660  test=0.5787  (11.1s)
  [78/100] type/cnn2d/cfdac_phase {'widths': (8, 16, 32), 'kernel_size': 5}  val=0.6700  test=0.6780  (12.4s)
  [79/100] type/cnn2d/cfdac_phase {'widths': (16, 32, 64), 'kernel_size': 3}  val=0.6567  test=0.6580  (17.1s)
  [80/100] type/cnn2d/cfdac_phase {'widths': (16, 32, 64), 'kernel_size': 5}  val=0.7267  test=0.7340  (20.4s)
>>> loading cfdac_real ...
    shape = (10000, 1, 128, 128), mem = 0.66 GB
  [81/100] binary/cnn2d/cfdac_real {'widths': (8, 16, 32), 'kernel_size': 3}  val=0.8033  test=0.8040  (11.0s)
  [82/100] binary/cnn2d/cfdac_real {'widths': (8, 16, 32), 'kernel_size': 5}  val=0.9380  test=0.9307  (12.2s)
  [83/100] binary/cnn2d/cfdac_real {'widths': (16, 32, 64), 'kernel_size': 3}  val=0.9327  test=0.9180  (16.3s)
  [84/100] binary/cnn2d/cfdac_real {'widths': (16, 32, 64), 'kernel_size': 5}  val=0.9407  test=0.9393  (19.6s)
  [85/100] col_location/cnn2d/cfdac_real {'widths': (8, 16, 32), 'kernel_size': 3}  val=0.3907  test=0.4000  (6.3s)
  [86/100] col_location/cnn2d/cfdac_real {'widths': (8, 16, 32), 'kernel_size': 5}  val=0.4706  test=0.4411  (7.1s)
  [87/100] col_location/cnn2d/cfdac_real {'widths': (16, 32, 64), 'kernel_size': 3}  val=0.4761  test=0.4567  (9.6s)
  [88/100] col_location/cnn2d/cfdac_real {'widths': (16, 32, 64), 'kernel_size': 5}  val=0.4706  test=0.4456  (11.7s)
  [89/100] mass_location/cnn2d/cfdac_real {'widths': (8, 16, 32), 'kernel_size': 3}  val=0.7333  test=0.7333  (1.9s)
  [90/100] mass_location/cnn2d/cfdac_real {'widths': (8, 16, 32), 'kernel_size': 5}  val=0.8433  test=0.8300  (2.2s)
  [91/100] mass_location/cnn2d/cfdac_real {'widths': (16, 32, 64), 'kernel_size': 3}  val=0.8867  test=0.8433  (3.0s)
  [92/100] mass_location/cnn2d/cfdac_real {'widths': (16, 32, 64), 'kernel_size': 5}  val=0.8967  test=0.9033  (3.6s)
  [93/100] severity/cnn2d/cfdac_real {'widths': (8, 16, 32), 'kernel_size': 3}  val=0.2545  test=0.2103  (8.0s)
  [94/100] severity/cnn2d/cfdac_real {'widths': (8, 16, 32), 'kernel_size': 5}  val=0.3329  test=0.3188  (10.0s)
  [95/100] severity/cnn2d/cfdac_real {'widths': (16, 32, 64), 'kernel_size': 3}  val=0.2962  test=0.2787  (13.4s)
  [96/100] severity/cnn2d/cfdac_real {'widths': (16, 32, 64), 'kernel_size': 5}  val=0.3894  test=0.3900  (15.3s)
  [97/100] type/cnn2d/cfdac_real {'widths': (8, 16, 32), 'kernel_size': 3}  val=0.6533  test=0.6707  (10.6s)
  [98/100] type/cnn2d/cfdac_real {'widths': (8, 16, 32), 'kernel_size': 5}  val=0.7247  test=0.7420  (12.3s)
  [99/100] type/cnn2d/cfdac_real {'widths': (16, 32, 64), 'kernel_size': 3}  val=0.6960  test=0.7080  (16.4s)
  [100/100] type/cnn2d/cfdac_real {'widths': (16, 32, 64), 'kernel_size': 5}  val=0.7613  test=0.7647  (19.2s)

done.

--- $ /usr/local/bin/python ml_pipeline/hpo_cfdac_variants.py --features /home/user/PhD_LANL/dataset/features_noisy_20dB.h5 --out /home/user/PhD_LANL/results/noisy_20dB
